<?xml version="1.0"?>
<link_info>
   <banner>TMS320C2000 Linker PC v17.6.0.STS</banner>
   <copyright>Copyright (c) 1996-2017 Texas Instruments Incorporated</copyright>
   <link_time>0x5c363548</link_time>
   <link_errors>0x0</link_errors>
   <output_file>sysbiosLab6F28335.out</output_file>
   <entry_point>
      <name>_c_int00</name>
      <address>0x301d76</address>
   </entry_point>
   <input_file_list>
      <input_file id="fl-2">
         <path>.\</path>
         <kind>object</kind>
         <file>28335_dma.obj</file>
         <name>28335_dma.obj</name>
      </input_file>
      <input_file id="fl-3">
         <path>.\</path>
         <kind>object</kind>
         <file>28335_eqep.obj</file>
         <name>28335_eqep.obj</name>
      </input_file>
      <input_file id="fl-4">
         <path>.\</path>
         <kind>object</kind>
         <file>28335_inits.obj</file>
         <name>28335_inits.obj</name>
      </input_file>
      <input_file id="fl-5">
         <path>.\</path>
         <kind>object</kind>
         <file>28335_mcbsp.obj</file>
         <name>28335_mcbsp.obj</name>
      </input_file>
      <input_file id="fl-6">
         <path>.\</path>
         <kind>object</kind>
         <file>28335_pwm.obj</file>
         <name>28335_pwm.obj</name>
      </input_file>
      <input_file id="fl-7">
         <path>.\</path>
         <kind>object</kind>
         <file>28335_serial.obj</file>
         <name>28335_serial.obj</name>
      </input_file>
      <input_file id="fl-8">
         <path>.\</path>
         <kind>object</kind>
         <file>28335_spi.obj</file>
         <name>28335_spi.obj</name>
      </input_file>
      <input_file id="fl-9">
         <path>.\</path>
         <kind>object</kind>
         <file>DSP2833x_ADC_cal.obj</file>
         <name>DSP2833x_ADC_cal.obj</name>
      </input_file>
      <input_file id="fl-a">
         <path>.\</path>
         <kind>object</kind>
         <file>DSP2833x_Adc.obj</file>
         <name>DSP2833x_Adc.obj</name>
      </input_file>
      <input_file id="fl-b">
         <path>.\</path>
         <kind>object</kind>
         <file>DSP2833x_CSMPasswords.obj</file>
         <name>DSP2833x_CSMPasswords.obj</name>
      </input_file>
      <input_file id="fl-c">
         <path>.\</path>
         <kind>object</kind>
         <file>DSP2833x_CodeStartBranch.obj</file>
         <name>DSP2833x_CodeStartBranch.obj</name>
      </input_file>
      <input_file id="fl-d">
         <path>.\</path>
         <kind>object</kind>
         <file>DSP2833x_CpuTimers.obj</file>
         <name>DSP2833x_CpuTimers.obj</name>
      </input_file>
      <input_file id="fl-e">
         <path>.\</path>
         <kind>object</kind>
         <file>DSP2833x_GlobalVariableDefs.obj</file>
         <name>DSP2833x_GlobalVariableDefs.obj</name>
      </input_file>
      <input_file id="fl-f">
         <path>.\</path>
         <kind>object</kind>
         <file>DSP2833x_Mcbsp.obj</file>
         <name>DSP2833x_Mcbsp.obj</name>
      </input_file>
      <input_file id="fl-10">
         <path>.\</path>
         <kind>object</kind>
         <file>DSP2833x_PieCtrl.obj</file>
         <name>DSP2833x_PieCtrl.obj</name>
      </input_file>
      <input_file id="fl-11">
         <path>.\</path>
         <kind>object</kind>
         <file>DSP2833x_Spi.obj</file>
         <name>DSP2833x_Spi.obj</name>
      </input_file>
      <input_file id="fl-12">
         <path>.\</path>
         <kind>object</kind>
         <file>DSP2833x_SysCtrl.obj</file>
         <name>DSP2833x_SysCtrl.obj</name>
      </input_file>
      <input_file id="fl-13">
         <path>.\</path>
         <kind>object</kind>
         <file>DSP2833x_usDelay.obj</file>
         <name>DSP2833x_usDelay.obj</name>
      </input_file>
      <input_file id="fl-14">
         <path>.\</path>
         <kind>object</kind>
         <file>i2c.obj</file>
         <name>i2c.obj</name>
      </input_file>
      <input_file id="fl-15">
         <path>.\</path>
         <kind>object</kind>
         <file>lcd.obj</file>
         <name>lcd.obj</name>
      </input_file>
      <input_file id="fl-16">
         <path>.\</path>
         <kind>object</kind>
         <file>user_PIFuncs.obj</file>
         <name>user_PIFuncs.obj</name>
      </input_file>
      <input_file id="fl-17">
         <path>.\</path>
         <kind>object</kind>
         <file>user_sysbiosLab6F28335.obj</file>
         <name>user_sysbiosLab6F28335.obj</name>
      </input_file>
      <input_file id="fl-1c">
         <path>C:\dan\omapl138\SE423_Sp18\Sp19Repo\LabFiles\sysbiosLab6F28335\sysbiosLab6F28335Project\Debug\configPkg\package\cfg\</path>
         <kind>object</kind>
         <file>sysbiosLab6F28335_p28FP.o28FP</file>
         <name>sysbiosLab6F28335_p28FP.o28FP</name>
      </input_file>
      <input_file id="fl-23">
         <kind>object</kind>
         <file>&lt;internal&gt;</file>
         <name>&lt;internal&gt;</name>
      </input_file>
      <input_file id="fl-24">
         <path>C:\dan\omapl138\SE423_Sp18\Sp19Repo\LabFiles\sysbiosLab6F28335\sysbios\src\sysbios\</path>
         <kind>archive</kind>
         <file>sysbios.a28FP</file>
         <name>BIOS.obj</name>
      </input_file>
      <input_file id="fl-25">
         <path>C:\dan\omapl138\SE423_Sp18\Sp19Repo\LabFiles\sysbiosLab6F28335\sysbios\src\sysbios\</path>
         <kind>archive</kind>
         <file>sysbios.a28FP</file>
         <name>c28_Hwi_asm.obj</name>
      </input_file>
      <input_file id="fl-26">
         <path>C:\dan\omapl138\SE423_Sp18\Sp19Repo\LabFiles\sysbiosLab6F28335\sysbios\src\sysbios\</path>
         <kind>archive</kind>
         <file>sysbios.a28FP</file>
         <name>c28_Hwi_disp_asm.obj</name>
      </input_file>
      <input_file id="fl-27">
         <path>C:\dan\omapl138\SE423_Sp18\Sp19Repo\LabFiles\sysbiosLab6F28335\sysbios\src\sysbios\</path>
         <kind>archive</kind>
         <file>sysbios.a28FP</file>
         <name>c28_IntrinsicsSupport_asm.obj</name>
      </input_file>
      <input_file id="fl-28">
         <path>C:\dan\omapl138\SE423_Sp18\Sp19Repo\LabFiles\sysbiosLab6F28335\sysbios\src\sysbios\</path>
         <kind>archive</kind>
         <file>sysbios.a28FP</file>
         <name>c28_TaskSupport_asm.obj</name>
      </input_file>
      <input_file id="fl-29">
         <path>C:\CCStudio_v8\bios_6_70_01_03\packages\ti\catalog\c2800\init\lib\</path>
         <kind>archive</kind>
         <file>Boot.a28FP</file>
         <name>Boot.o28FP</name>
      </input_file>
      <input_file id="fl-2a">
         <path>C:\CCStudio_v8\bios_6_70_01_03\packages\ti\targets\rts2800\lib\</path>
         <kind>archive</kind>
         <file>ti.targets.rts2800.a28FP</file>
         <name>Core-smem.o28FP</name>
      </input_file>
      <input_file id="fl-2b">
         <path>C:\CCStudio_v8\bios_6_70_01_03\packages\ti\targets\rts2800\lib\</path>
         <kind>archive</kind>
         <file>ti.targets.rts2800.a28FP</file>
         <name>Core-label.o28FP</name>
      </input_file>
      <input_file id="fl-2c">
         <path>C:\CCStudio_v8\bios_6_70_01_03\packages\ti\targets\rts2800\lib\</path>
         <kind>archive</kind>
         <file>ti.targets.rts2800.a28FP</file>
         <name>Core-params.o28FP</name>
      </input_file>
      <input_file id="fl-2d">
         <path>C:\CCStudio_v8\bios_6_70_01_03\packages\ti\targets\rts2800\lib\</path>
         <kind>archive</kind>
         <file>ti.targets.rts2800.a28FP</file>
         <name>Error.o28FP</name>
      </input_file>
      <input_file id="fl-2e">
         <path>C:\CCStudio_v8\bios_6_70_01_03\packages\ti\targets\rts2800\lib\</path>
         <kind>archive</kind>
         <file>ti.targets.rts2800.a28FP</file>
         <name>Gate.o28FP</name>
      </input_file>
      <input_file id="fl-2f">
         <path>C:\CCStudio_v8\bios_6_70_01_03\packages\ti\targets\rts2800\lib\</path>
         <kind>archive</kind>
         <file>ti.targets.rts2800.a28FP</file>
         <name>LoggerBuf.o28FP</name>
      </input_file>
      <input_file id="fl-30">
         <path>C:\CCStudio_v8\bios_6_70_01_03\packages\ti\targets\rts2800\lib\</path>
         <kind>archive</kind>
         <file>ti.targets.rts2800.a28FP</file>
         <name>Memory.o28FP</name>
      </input_file>
      <input_file id="fl-31">
         <path>C:\CCStudio_v8\bios_6_70_01_03\packages\ti\targets\rts2800\lib\</path>
         <kind>archive</kind>
         <file>ti.targets.rts2800.a28FP</file>
         <name>Startup.o28FP</name>
      </input_file>
      <input_file id="fl-32">
         <path>C:\CCStudio_v8\bios_6_70_01_03\packages\ti\targets\rts2800\lib\</path>
         <kind>archive</kind>
         <file>ti.targets.rts2800.a28FP</file>
         <name>System.o28FP</name>
      </input_file>
      <input_file id="fl-33">
         <path>C:\CCStudio_v8\bios_6_70_01_03\packages\ti\targets\rts2800\lib\</path>
         <kind>archive</kind>
         <file>ti.targets.rts2800.a28FP</file>
         <name>SysMin.o28FP</name>
      </input_file>
      <input_file id="fl-34">
         <path>C:\CCStudio_v8\bios_6_70_01_03\packages\ti\targets\rts2800\lib\</path>
         <kind>archive</kind>
         <file>ti.targets.rts2800.a28FP</file>
         <name>Text.o28FP</name>
      </input_file>
      <input_file id="fl-35">
         <path>C:\CCStudio_v8\bios_6_70_01_03\packages\ti\targets\rts2800\lib\</path>
         <kind>archive</kind>
         <file>ti.targets.rts2800.a28FP</file>
         <name>xdc_noinit.o28FP</name>
      </input_file>
      <input_file id="fl-36">
         <path>C:\CCStudio_v8\bios_6_70_01_03\packages\ti\targets\rts2800\lib\</path>
         <kind>archive</kind>
         <file>ti.targets.rts2800.a28FP</file>
         <name>Assert.o28FP</name>
      </input_file>
      <input_file id="fl-37">
         <path>C:\CCStudio_v8\bios_6_70_01_03\packages\ti\targets\rts2800\lib\</path>
         <kind>archive</kind>
         <file>ti.targets.rts2800.a28FP</file>
         <name>Log.o28FP</name>
      </input_file>
      <input_file id="fl-38">
         <path>C:\CCStudio_v8\bios_6_70_01_03\packages\ti\targets\rts2800\lib\</path>
         <kind>archive</kind>
         <file>ti.targets.rts2800.a28FP</file>
         <name>Registry.o28FP</name>
      </input_file>
      <input_file id="fl-39">
         <path>C:\CCStudio_v8\bios_6_70_01_03\packages\ti\targets\rts2800\lib\</path>
         <kind>archive</kind>
         <file>boot.a28FP</file>
         <name>boot_cg.o28FP</name>
      </input_file>
      <input_file id="fl-45">
         <path>C:\CCStudio_v8\ccsv8\tools\compiler\ti-cgt-c2000_17.6.0.STS\lib\</path>
         <kind>archive</kind>
         <file>rts2800_fpu32.lib</file>
         <name>fs_div28.obj</name>
      </input_file>
      <input_file id="fl-46">
         <path>C:\CCStudio_v8\ccsv8\tools\compiler\ti-cgt-c2000_17.6.0.STS\lib\</path>
         <kind>archive</kind>
         <file>rts2800_fpu32.lib</file>
         <name>ll_div28.obj</name>
      </input_file>
      <input_file id="fl-47">
         <path>C:\CCStudio_v8\ccsv8\tools\compiler\ti-cgt-c2000_17.6.0.STS\lib\</path>
         <kind>archive</kind>
         <file>rts2800_fpu32.lib</file>
         <name>l_div28.obj</name>
      </input_file>
      <input_file id="fl-48">
         <path>C:\CCStudio_v8\ccsv8\tools\compiler\ti-cgt-c2000_17.6.0.STS\lib\</path>
         <kind>archive</kind>
         <file>rts2800_fpu32.lib</file>
         <name>cpy_tbl.obj</name>
      </input_file>
      <input_file id="fl-49">
         <path>C:\CCStudio_v8\ccsv8\tools\compiler\ti-cgt-c2000_17.6.0.STS\lib\</path>
         <kind>archive</kind>
         <file>rts2800_fpu32.lib</file>
         <name>memcpy.obj</name>
      </input_file>
      <input_file id="fl-4a">
         <path>C:\CCStudio_v8\ccsv8\tools\compiler\ti-cgt-c2000_17.6.0.STS\lib\</path>
         <kind>archive</kind>
         <file>rts2800_fpu32.lib</file>
         <name>pre_init.obj</name>
      </input_file>
      <input_file id="fl-4b">
         <path>C:\CCStudio_v8\ccsv8\tools\compiler\ti-cgt-c2000_17.6.0.STS\lib\</path>
         <kind>archive</kind>
         <file>rts2800_fpu32.lib</file>
         <name>startup.obj</name>
      </input_file>
      <input_file id="fl-4c">
         <path>C:\CCStudio_v8\ccsv8\tools\compiler\ti-cgt-c2000_17.6.0.STS\lib\</path>
         <kind>archive</kind>
         <file>rts2800_fpu32.lib</file>
         <name>exit.obj</name>
      </input_file>
      <input_file id="fl-4d">
         <path>C:\CCStudio_v8\ccsv8\tools\compiler\ti-cgt-c2000_17.6.0.STS\lib\</path>
         <kind>archive</kind>
         <file>rts2800_fpu32.lib</file>
         <name>_lock.obj</name>
      </input_file>
      <input_file id="fl-4e">
         <path>C:\CCStudio_v8\ccsv8\tools\compiler\ti-cgt-c2000_17.6.0.STS\lib\</path>
         <kind>archive</kind>
         <file>rts2800_fpu32.lib</file>
         <name>args_main.obj</name>
      </input_file>
      <input_file id="fl-4f">
         <path>C:\CCStudio_v8\ccsv8\tools\compiler\ti-cgt-c2000_17.6.0.STS\lib\</path>
         <kind>archive</kind>
         <file>rts2800_fpu32.lib</file>
         <name>memset.obj</name>
      </input_file>
      <input_file id="fl-50">
         <path>C:\CCStudio_v8\ccsv8\tools\compiler\ti-cgt-c2000_17.6.0.STS\lib\</path>
         <kind>archive</kind>
         <file>rts2800_fpu32.lib</file>
         <name>strcmp.obj</name>
      </input_file>
      <input_file id="fl-51">
         <path>C:\CCStudio_v8\ccsv8\tools\compiler\ti-cgt-c2000_17.6.0.STS\lib\</path>
         <kind>archive</kind>
         <file>rts2800_fpu32.lib</file>
         <name>strlen.obj</name>
      </input_file>
      <input_file id="fl-52">
         <path>C:\CCStudio_v8\ccsv8\tools\compiler\ti-cgt-c2000_17.6.0.STS\lib\</path>
         <kind>archive</kind>
         <file>rts2800_fpu32.lib</file>
         <name>hostwrite.obj</name>
      </input_file>
      <input_file id="fl-53">
         <path>C:\CCStudio_v8\ccsv8\tools\compiler\ti-cgt-c2000_17.6.0.STS\lib\</path>
         <kind>archive</kind>
         <file>rts2800_fpu32.lib</file>
         <name>trgmsg.obj</name>
      </input_file>
      <input_file id="fl-54">
         <path>C:\CCStudio_v8\ccsv8\tools\compiler\ti-cgt-c2000_17.6.0.STS\lib\</path>
         <kind>archive</kind>
         <file>rts2800_fpu32.lib</file>
         <name>vsprintf.obj</name>
      </input_file>
      <input_file id="fl-55">
         <path>C:\CCStudio_v8\ccsv8\tools\compiler\ti-cgt-c2000_17.6.0.STS\lib\</path>
         <kind>archive</kind>
         <file>rts2800_fpu32.lib</file>
         <name>_printfi.obj</name>
      </input_file>
      <input_file id="fl-56">
         <path>C:\CCStudio_v8\ccsv8\tools\compiler\ti-cgt-c2000_17.6.0.STS\lib\</path>
         <kind>archive</kind>
         <file>rts2800_fpu32.lib</file>
         <name>atoi.obj</name>
      </input_file>
      <input_file id="fl-57">
         <path>C:\CCStudio_v8\ccsv8\tools\compiler\ti-cgt-c2000_17.6.0.STS\lib\</path>
         <kind>archive</kind>
         <file>rts2800_fpu32.lib</file>
         <name>ctype.obj</name>
      </input_file>
      <input_file id="fl-58">
         <path>C:\CCStudio_v8\ccsv8\tools\compiler\ti-cgt-c2000_17.6.0.STS\lib\</path>
         <kind>archive</kind>
         <file>rts2800_fpu32.lib</file>
         <name>ltoa.obj</name>
      </input_file>
      <input_file id="fl-59">
         <path>C:\CCStudio_v8\ccsv8\tools\compiler\ti-cgt-c2000_17.6.0.STS\lib\</path>
         <kind>archive</kind>
         <file>rts2800_fpu32.lib</file>
         <name>memccpy.obj</name>
      </input_file>
      <input_file id="fl-5a">
         <path>C:\CCStudio_v8\ccsv8\tools\compiler\ti-cgt-c2000_17.6.0.STS\lib\</path>
         <kind>archive</kind>
         <file>rts2800_fpu32.lib</file>
         <name>strchr.obj</name>
      </input_file>
      <input_file id="fl-5b">
         <path>C:\CCStudio_v8\ccsv8\tools\compiler\ti-cgt-c2000_17.6.0.STS\lib\</path>
         <kind>archive</kind>
         <file>rts2800_fpu32.lib</file>
         <name>strcpy.obj</name>
      </input_file>
      <input_file id="fl-5c">
         <path>C:\CCStudio_v8\ccsv8\tools\compiler\ti-cgt-c2000_17.6.0.STS\lib\</path>
         <kind>archive</kind>
         <file>rts2800_fpu32.lib</file>
         <name>hostopen.obj</name>
      </input_file>
      <input_file id="fl-5d">
         <path>C:\CCStudio_v8\ccsv8\tools\compiler\ti-cgt-c2000_17.6.0.STS\lib\</path>
         <kind>archive</kind>
         <file>rts2800_fpu32.lib</file>
         <name>s_frexp.obj</name>
      </input_file>
      <input_file id="fl-5e">
         <path>C:\CCStudio_v8\ccsv8\tools\compiler\ti-cgt-c2000_17.6.0.STS\lib\</path>
         <kind>archive</kind>
         <file>rts2800_fpu32.lib</file>
         <name>s_scalbn.obj</name>
      </input_file>
      <input_file id="fl-5f">
         <path>C:\CCStudio_v8\ccsv8\tools\compiler\ti-cgt-c2000_17.6.0.STS\lib\</path>
         <kind>archive</kind>
         <file>rts2800_fpu32.lib</file>
         <name>fd_add28.obj</name>
      </input_file>
      <input_file id="fl-60">
         <path>C:\CCStudio_v8\ccsv8\tools\compiler\ti-cgt-c2000_17.6.0.STS\lib\</path>
         <kind>archive</kind>
         <file>rts2800_fpu32.lib</file>
         <name>fd_cmp28.obj</name>
      </input_file>
      <input_file id="fl-61">
         <path>C:\CCStudio_v8\ccsv8\tools\compiler\ti-cgt-c2000_17.6.0.STS\lib\</path>
         <kind>archive</kind>
         <file>rts2800_fpu32.lib</file>
         <name>fd_div28.obj</name>
      </input_file>
      <input_file id="fl-62">
         <path>C:\CCStudio_v8\ccsv8\tools\compiler\ti-cgt-c2000_17.6.0.STS\lib\</path>
         <kind>archive</kind>
         <file>rts2800_fpu32.lib</file>
         <name>fd_mpy28.obj</name>
      </input_file>
      <input_file id="fl-63">
         <path>C:\CCStudio_v8\ccsv8\tools\compiler\ti-cgt-c2000_17.6.0.STS\lib\</path>
         <kind>archive</kind>
         <file>rts2800_fpu32.lib</file>
         <name>fd_neg28.obj</name>
      </input_file>
      <input_file id="fl-64">
         <path>C:\CCStudio_v8\ccsv8\tools\compiler\ti-cgt-c2000_17.6.0.STS\lib\</path>
         <kind>archive</kind>
         <file>rts2800_fpu32.lib</file>
         <name>fd_sub28.obj</name>
      </input_file>
      <input_file id="fl-65">
         <path>C:\CCStudio_v8\ccsv8\tools\compiler\ti-cgt-c2000_17.6.0.STS\lib\</path>
         <kind>archive</kind>
         <file>rts2800_fpu32.lib</file>
         <name>fd_toi28.obj</name>
      </input_file>
      <input_file id="fl-66">
         <path>C:\CCStudio_v8\ccsv8\tools\compiler\ti-cgt-c2000_17.6.0.STS\lib\</path>
         <kind>archive</kind>
         <file>rts2800_fpu32.lib</file>
         <name>fd_tol28.obj</name>
      </input_file>
      <input_file id="fl-67">
         <path>C:\CCStudio_v8\ccsv8\tools\compiler\ti-cgt-c2000_17.6.0.STS\lib\</path>
         <kind>archive</kind>
         <file>rts2800_fpu32.lib</file>
         <name>ll_aox28.obj</name>
      </input_file>
      <input_file id="fl-68">
         <path>C:\CCStudio_v8\ccsv8\tools\compiler\ti-cgt-c2000_17.6.0.STS\lib\</path>
         <kind>archive</kind>
         <file>rts2800_fpu32.lib</file>
         <name>ll_cmp28.obj</name>
      </input_file>
      <input_file id="fl-69">
         <path>C:\CCStudio_v8\ccsv8\tools\compiler\ti-cgt-c2000_17.6.0.STS\lib\</path>
         <kind>archive</kind>
         <file>rts2800_fpu32.lib</file>
         <name>i_tofd28.obj</name>
      </input_file>
      <input_file id="fl-6a">
         <path>C:\CCStudio_v8\ccsv8\tools\compiler\ti-cgt-c2000_17.6.0.STS\lib\</path>
         <kind>archive</kind>
         <file>rts2800_fpu32.lib</file>
         <name>l_tofd28.obj</name>
      </input_file>
      <input_file id="fl-6b">
         <path>C:\CCStudio_v8\ccsv8\tools\compiler\ti-cgt-c2000_17.6.0.STS\lib\</path>
         <kind>archive</kind>
         <file>rts2800_fpu32.lib</file>
         <name>fs_tofdfpu32.obj</name>
      </input_file>
      <input_file id="fl-6c">
         <path>C:\CCStudio_v8\ccsv8\tools\compiler\ti-cgt-c2000_17.6.0.STS\lib\</path>
         <kind>archive</kind>
         <file>rts2800_fpu32.lib</file>
         <name>errno.obj</name>
      </input_file>
      <input_file id="fl-6d">
         <path>C:\CCStudio_v8\ccsv8\tools\compiler\ti-cgt-c2000_17.6.0.STS\lib\</path>
         <kind>archive</kind>
         <file>rts2800_fpu32.lib</file>
         <name>s_copysign.obj</name>
      </input_file>
   </input_file_list>
   <object_component_list>
      <object_component id="oc-c0">
         <name>PieVectTableFile</name>
         <uninitialized>true</uninitialized>
         <run_address>0xd00</run_address>
         <size>0x100</size>
         <input_file_ref idref="fl-e"/>
      </object_component>
      <object_component id="oc-bc">
         <name>DevEmuRegsFile</name>
         <uninitialized>true</uninitialized>
         <run_address>0x880</run_address>
         <size>0xd0</size>
         <input_file_ref idref="fl-e"/>
      </object_component>
      <object_component id="oc-92">
         <name>FlashRegsFile</name>
         <uninitialized>true</uninitialized>
         <run_address>0xa80</run_address>
         <size>0x8</size>
         <input_file_ref idref="fl-e"/>
      </object_component>
      <object_component id="oc-9c">
         <name>CsmRegsFile</name>
         <uninitialized>true</uninitialized>
         <run_address>0xae0</run_address>
         <size>0x10</size>
         <input_file_ref idref="fl-e"/>
      </object_component>
      <object_component id="oc-9b">
         <name>AdcMirrorFile</name>
         <uninitialized>true</uninitialized>
         <run_address>0xb00</run_address>
         <size>0x10</size>
         <input_file_ref idref="fl-e"/>
      </object_component>
      <object_component id="oc-9f">
         <name>XintfRegsFile</name>
         <uninitialized>true</uninitialized>
         <run_address>0xb20</run_address>
         <size>0x1e</size>
         <input_file_ref idref="fl-e"/>
      </object_component>
      <object_component id="oc-93">
         <name>CpuTimer0RegsFile</name>
         <uninitialized>true</uninitialized>
         <run_address>0xc00</run_address>
         <size>0x8</size>
         <input_file_ref idref="fl-e"/>
      </object_component>
      <object_component id="oc-91">
         <name>CpuTimer1RegsFile</name>
         <uninitialized>true</uninitialized>
         <run_address>0xc08</run_address>
         <size>0x8</size>
         <input_file_ref idref="fl-e"/>
      </object_component>
      <object_component id="oc-90">
         <name>CpuTimer2RegsFile</name>
         <uninitialized>true</uninitialized>
         <run_address>0xc10</run_address>
         <size>0x8</size>
         <input_file_ref idref="fl-e"/>
      </object_component>
      <object_component id="oc-9d">
         <name>PieCtrlRegsFile</name>
         <uninitialized>true</uninitialized>
         <run_address>0xce0</run_address>
         <size>0x1a</size>
         <input_file_ref idref="fl-e"/>
      </object_component>
      <object_component id="oc-bd">
         <name>DmaRegsFile</name>
         <uninitialized>true</uninitialized>
         <run_address>0x1000</run_address>
         <size>0xe0</size>
         <input_file_ref idref="fl-e"/>
      </object_component>
      <object_component id="oc-af">
         <name>McbspaRegsFile</name>
         <uninitialized>true</uninitialized>
         <run_address>0x5000</run_address>
         <size>0x25</size>
         <input_file_ref idref="fl-e"/>
      </object_component>
      <object_component id="oc-b0">
         <name>McbspbRegsFile</name>
         <uninitialized>true</uninitialized>
         <run_address>0x5040</run_address>
         <size>0x25</size>
         <input_file_ref idref="fl-e"/>
      </object_component>
      <object_component id="oc-b3">
         <name>ECanaRegsFile</name>
         <uninitialized>true</uninitialized>
         <run_address>0x6000</run_address>
         <size>0x34</size>
         <input_file_ref idref="fl-e"/>
      </object_component>
      <object_component id="oc-b6">
         <name>ECanaLAMRegsFile</name>
         <uninitialized>true</uninitialized>
         <run_address>0x6040</run_address>
         <size>0x40</size>
         <input_file_ref idref="fl-e"/>
      </object_component>
      <object_component id="oc-bf">
         <name>ECanaMboxesFile</name>
         <uninitialized>true</uninitialized>
         <run_address>0x6100</run_address>
         <size>0x100</size>
         <input_file_ref idref="fl-e"/>
      </object_component>
      <object_component id="oc-b7">
         <name>ECanaMOTSRegsFile</name>
         <uninitialized>true</uninitialized>
         <run_address>0x6080</run_address>
         <size>0x40</size>
         <input_file_ref idref="fl-e"/>
      </object_component>
      <object_component id="oc-b4">
         <name>ECanaMOTORegsFile</name>
         <uninitialized>true</uninitialized>
         <run_address>0x60c0</run_address>
         <size>0x40</size>
         <input_file_ref idref="fl-e"/>
      </object_component>
      <object_component id="oc-b2">
         <name>ECanbRegsFile</name>
         <uninitialized>true</uninitialized>
         <run_address>0x6200</run_address>
         <size>0x34</size>
         <input_file_ref idref="fl-e"/>
      </object_component>
      <object_component id="oc-ba">
         <name>ECanbLAMRegsFile</name>
         <uninitialized>true</uninitialized>
         <run_address>0x6240</run_address>
         <size>0x40</size>
         <input_file_ref idref="fl-e"/>
      </object_component>
      <object_component id="oc-be">
         <name>ECanbMboxesFile</name>
         <uninitialized>true</uninitialized>
         <run_address>0x6300</run_address>
         <size>0x100</size>
         <input_file_ref idref="fl-e"/>
      </object_component>
      <object_component id="oc-b5">
         <name>ECanbMOTSRegsFile</name>
         <uninitialized>true</uninitialized>
         <run_address>0x6280</run_address>
         <size>0x40</size>
         <input_file_ref idref="fl-e"/>
      </object_component>
      <object_component id="oc-b8">
         <name>ECanbMOTORegsFile</name>
         <uninitialized>true</uninitialized>
         <run_address>0x62c0</run_address>
         <size>0x40</size>
         <input_file_ref idref="fl-e"/>
      </object_component>
      <object_component id="oc-aa">
         <name>EPwm1RegsFile</name>
         <uninitialized>true</uninitialized>
         <run_address>0x6800</run_address>
         <size>0x22</size>
         <input_file_ref idref="fl-e"/>
      </object_component>
      <object_component id="oc-a9">
         <name>EPwm2RegsFile</name>
         <uninitialized>true</uninitialized>
         <run_address>0x6840</run_address>
         <size>0x22</size>
         <input_file_ref idref="fl-e"/>
      </object_component>
      <object_component id="oc-ab">
         <name>EPwm3RegsFile</name>
         <uninitialized>true</uninitialized>
         <run_address>0x6880</run_address>
         <size>0x22</size>
         <input_file_ref idref="fl-e"/>
      </object_component>
      <object_component id="oc-ad">
         <name>EPwm4RegsFile</name>
         <uninitialized>true</uninitialized>
         <run_address>0x68c0</run_address>
         <size>0x22</size>
         <input_file_ref idref="fl-e"/>
      </object_component>
      <object_component id="oc-ac">
         <name>EPwm5RegsFile</name>
         <uninitialized>true</uninitialized>
         <run_address>0x6900</run_address>
         <size>0x22</size>
         <input_file_ref idref="fl-e"/>
      </object_component>
      <object_component id="oc-ae">
         <name>EPwm6RegsFile</name>
         <uninitialized>true</uninitialized>
         <run_address>0x6940</run_address>
         <size>0x22</size>
         <input_file_ref idref="fl-e"/>
      </object_component>
      <object_component id="oc-a6">
         <name>ECap1RegsFile</name>
         <uninitialized>true</uninitialized>
         <run_address>0x6a00</run_address>
         <size>0x20</size>
         <input_file_ref idref="fl-e"/>
      </object_component>
      <object_component id="oc-a2">
         <name>ECap2RegsFile</name>
         <uninitialized>true</uninitialized>
         <run_address>0x6a20</run_address>
         <size>0x20</size>
         <input_file_ref idref="fl-e"/>
      </object_component>
      <object_component id="oc-a3">
         <name>ECap3RegsFile</name>
         <uninitialized>true</uninitialized>
         <run_address>0x6a40</run_address>
         <size>0x20</size>
         <input_file_ref idref="fl-e"/>
      </object_component>
      <object_component id="oc-a0">
         <name>ECap4RegsFile</name>
         <uninitialized>true</uninitialized>
         <run_address>0x6a60</run_address>
         <size>0x20</size>
         <input_file_ref idref="fl-e"/>
      </object_component>
      <object_component id="oc-a1">
         <name>ECap5RegsFile</name>
         <uninitialized>true</uninitialized>
         <run_address>0x6a80</run_address>
         <size>0x20</size>
         <input_file_ref idref="fl-e"/>
      </object_component>
      <object_component id="oc-a7">
         <name>ECap6RegsFile</name>
         <uninitialized>true</uninitialized>
         <run_address>0x6aa0</run_address>
         <size>0x20</size>
         <input_file_ref idref="fl-e"/>
      </object_component>
      <object_component id="oc-bb">
         <name>EQep1RegsFile</name>
         <uninitialized>true</uninitialized>
         <run_address>0x6b00</run_address>
         <size>0x40</size>
         <input_file_ref idref="fl-e"/>
      </object_component>
      <object_component id="oc-b9">
         <name>EQep2RegsFile</name>
         <uninitialized>true</uninitialized>
         <run_address>0x6b40</run_address>
         <size>0x40</size>
         <input_file_ref idref="fl-e"/>
      </object_component>
      <object_component id="oc-b1">
         <name>GpioCtrlRegsFile</name>
         <uninitialized>true</uninitialized>
         <run_address>0x6f80</run_address>
         <size>0x2e</size>
         <input_file_ref idref="fl-e"/>
      </object_component>
      <object_component id="oc-a4">
         <name>GpioDataRegsFile</name>
         <uninitialized>true</uninitialized>
         <run_address>0x6fc0</run_address>
         <size>0x20</size>
         <input_file_ref idref="fl-e"/>
      </object_component>
      <object_component id="oc-95">
         <name>GpioIntRegsFile</name>
         <uninitialized>true</uninitialized>
         <run_address>0x6fe0</run_address>
         <size>0xa</size>
         <input_file_ref idref="fl-e"/>
      </object_component>
      <object_component id="oc-a5">
         <name>SysCtrlRegsFile</name>
         <uninitialized>true</uninitialized>
         <run_address>0x7010</run_address>
         <size>0x20</size>
         <input_file_ref idref="fl-e"/>
      </object_component>
      <object_component id="oc-98">
         <name>SpiaRegsFile</name>
         <uninitialized>true</uninitialized>
         <run_address>0x7040</run_address>
         <size>0x10</size>
         <input_file_ref idref="fl-e"/>
      </object_component>
      <object_component id="oc-99">
         <name>SciaRegsFile</name>
         <uninitialized>true</uninitialized>
         <run_address>0x7050</run_address>
         <size>0x10</size>
         <input_file_ref idref="fl-e"/>
      </object_component>
      <object_component id="oc-9a">
         <name>XIntruptRegsFile</name>
         <uninitialized>true</uninitialized>
         <run_address>0x7070</run_address>
         <size>0x10</size>
         <input_file_ref idref="fl-e"/>
      </object_component>
      <object_component id="oc-9e">
         <name>AdcRegsFile</name>
         <uninitialized>true</uninitialized>
         <run_address>0x7100</run_address>
         <size>0x1e</size>
         <input_file_ref idref="fl-e"/>
      </object_component>
      <object_component id="oc-97">
         <name>ScibRegsFile</name>
         <uninitialized>true</uninitialized>
         <run_address>0x7750</run_address>
         <size>0x10</size>
         <input_file_ref idref="fl-e"/>
      </object_component>
      <object_component id="oc-96">
         <name>ScicRegsFile</name>
         <uninitialized>true</uninitialized>
         <run_address>0x7770</run_address>
         <size>0x10</size>
         <input_file_ref idref="fl-e"/>
      </object_component>
      <object_component id="oc-a8">
         <name>I2caRegsFile</name>
         <uninitialized>true</uninitialized>
         <run_address>0x7900</run_address>
         <size>0x22</size>
         <input_file_ref idref="fl-e"/>
      </object_component>
      <object_component id="oc-94">
         <name>CsmPwlFile</name>
         <uninitialized>true</uninitialized>
         <run_address>0x3f7ff8</run_address>
         <size>0x8</size>
         <input_file_ref idref="fl-e"/>
      </object_component>
      <object_component id="oc-f8">
         <name>.cinit</name>
         <load_address>0x30531f</load_address>
         <run_address>0x30531f</run_address>
         <size>0x438</size>
         <input_file_ref idref="fl-1c"/>
      </object_component>
      <object_component id="oc-f1">
         <name>.cinit</name>
         <load_address>0x305757</load_address>
         <run_address>0x305757</run_address>
         <size>0xb8</size>
         <input_file_ref idref="fl-17"/>
      </object_component>
      <object_component id="oc-ea">
         <name>.cinit</name>
         <load_address>0x30580f</load_address>
         <run_address>0x30580f</run_address>
         <size>0x73</size>
         <input_file_ref idref="fl-16"/>
      </object_component>
      <object_component id="oc-5c">
         <name>.cinit</name>
         <load_address>0x305882</load_address>
         <run_address>0x305882</run_address>
         <size>0x3c</size>
         <input_file_ref idref="fl-5"/>
      </object_component>
      <object_component id="oc-71">
         <name>.cinit</name>
         <load_address>0x3058be</load_address>
         <run_address>0x3058be</run_address>
         <size>0x24</size>
         <input_file_ref idref="fl-8"/>
      </object_component>
      <object_component id="oc-dc">
         <name>.cinit</name>
         <load_address>0x3058e2</load_address>
         <run_address>0x3058e2</run_address>
         <size>0x11</size>
         <input_file_ref idref="fl-14"/>
      </object_component>
      <object_component id="oc-197">
         <name>.cinit</name>
         <load_address>0x3058f3</load_address>
         <run_address>0x3058f3</run_address>
         <size>0xe</size>
         <input_file_ref idref="fl-4c"/>
      </object_component>
      <object_component id="oc-64">
         <name>.cinit</name>
         <load_address>0x305901</load_address>
         <run_address>0x305901</run_address>
         <size>0xc</size>
         <input_file_ref idref="fl-6"/>
      </object_component>
      <object_component id="oc-55">
         <name>.cinit</name>
         <load_address>0x30590d</load_address>
         <run_address>0x30590d</run_address>
         <size>0x8</size>
         <input_file_ref idref="fl-4"/>
      </object_component>
      <object_component id="oc-2cd">
         <name>.cinit:__lock</name>
         <load_address>0x305915</load_address>
         <run_address>0x305915</run_address>
         <size>0x5</size>
         <input_file_ref idref="fl-4d"/>
      </object_component>
      <object_component id="oc-2cc">
         <name>.cinit:__unlock</name>
         <load_address>0x30591a</load_address>
         <run_address>0x30591a</run_address>
         <size>0x5</size>
         <input_file_ref idref="fl-4d"/>
      </object_component>
      <object_component id="oc-e3">
         <name>.cinit</name>
         <load_address>0x30591f</load_address>
         <run_address>0x30591f</run_address>
         <size>0x5</size>
         <input_file_ref idref="fl-15"/>
      </object_component>
      <object_component id="oc-23c">
         <name>.cinit</name>
         <load_address>0x305924</load_address>
         <run_address>0x305924</run_address>
         <size>0x4</size>
         <input_file_ref idref="fl-6c"/>
      </object_component>
      <object_component id="oc-2af">
         <name>.text:_init_PWM</name>
         <load_address>0x300000</load_address>
         <run_address>0x300000</run_address>
         <size>0x294</size>
         <input_file_ref idref="fl-6"/>
      </object_component>
      <object_component id="oc-38d">
         <name>.text:_xdc_runtime_System_doPrint__I</name>
         <load_address>0x300294</load_address>
         <run_address>0x300294</run_address>
         <size>0x232</size>
         <input_file_ref idref="fl-32"/>
      </object_component>
      <object_component id="oc-25c">
         <name>.text:_SPI_RXint</name>
         <load_address>0x3004c6</load_address>
         <run_address>0x3004c6</run_address>
         <size>0x21a</size>
         <input_file_ref idref="fl-8"/>
      </object_component>
      <object_component id="oc-2b0">
         <name>.text:_init_PWM_AS_RCSERVO</name>
         <load_address>0x3006e0</load_address>
         <run_address>0x3006e0</run_address>
         <size>0x1bc</size>
         <input_file_ref idref="fl-6"/>
      </object_component>
      <object_component id="oc-294">
         <name>.text:_PIVelControl</name>
         <load_address>0x30089c</load_address>
         <run_address>0x30089c</run_address>
         <size>0x182</size>
         <input_file_ref idref="fl-16"/>
      </object_component>
      <object_component id="oc-25e">
         <name>.text:_McBSP_RX_INTCH2_ISR</name>
         <load_address>0x300a1e</load_address>
         <run_address>0x300a1e</run_address>
         <size>0x156</size>
         <input_file_ref idref="fl-5"/>
      </object_component>
      <object_component id="oc-2b2">
         <name>.text:_init_serial</name>
         <load_address>0x300b74</load_address>
         <run_address>0x300b74</run_address>
         <size>0x131</size>
         <input_file_ref idref="fl-7"/>
      </object_component>
      <object_component id="oc-26e">
         <name>.text:_main</name>
         <load_address>0x300ca5</load_address>
         <run_address>0x300ca5</run_address>
         <size>0x10e</size>
         <input_file_ref idref="fl-17"/>
      </object_component>
      <object_component id="oc-178">
         <name>.text</name>
         <load_address>0x300db3</load_address>
         <run_address>0x300db3</run_address>
         <size>0x107</size>
         <input_file_ref idref="fl-46"/>
      </object_component>
      <object_component id="oc-2b7">
         <name>.text:_init_SPI</name>
         <load_address>0x300eba</load_address>
         <run_address>0x300eba</run_address>
         <size>0x101</size>
         <input_file_ref idref="fl-8"/>
      </object_component>
      <object_component id="oc-295">
         <name>.text:_sendData</name>
         <load_address>0x300fbb</load_address>
         <run_address>0x300fbb</run_address>
         <size>0xf6</size>
         <input_file_ref idref="fl-17"/>
      </object_component>
      <object_component id="oc-28c">
         <name>.text:_xdc_runtime_LoggerBuf_write8__E</name>
         <load_address>0x3010b1</load_address>
         <run_address>0x3010b1</run_address>
         <size>0xd2</size>
         <input_file_ref idref="fl-2f"/>
      </object_component>
      <object_component id="oc-39e">
         <name>.text:_xdc_runtime_System_printfExtend__I</name>
         <load_address>0x301183</load_address>
         <run_address>0x301183</run_address>
         <size>0xc0</size>
         <input_file_ref idref="fl-1c"/>
      </object_component>
      <object_component id="oc-2e7">
         <name>.text:_PWM_out</name>
         <load_address>0x301243</load_address>
         <run_address>0x301243</run_address>
         <size>0xb2</size>
         <input_file_ref idref="fl-6"/>
      </object_component>
      <object_component id="oc-2e4">
         <name>.text:_ti_sysbios_knl_Semaphore_pend__E</name>
         <load_address>0x3012f5</load_address>
         <run_address>0x3012f5</run_address>
         <size>0xa9</size>
         <input_file_ref idref="fl-24"/>
      </object_component>
      <object_component id="oc-2f2">
         <name>.text:_xdc_runtime_Error_policyDefault__E</name>
         <load_address>0x30139e</load_address>
         <run_address>0x30139e</run_address>
         <size>0x9c</size>
         <input_file_ref idref="fl-2d"/>
      </object_component>
      <object_component id="oc-1fa">
         <name>.text</name>
         <load_address>0x30143a</load_address>
         <run_address>0x30143a</run_address>
         <size>0x9c</size>
         <input_file_ref idref="fl-5f"/>
      </object_component>
      <object_component id="oc-37a">
         <name>.text:_ti_sysbios_family_c28_Hwi_dispatch</name>
         <load_address>0x3014d6</load_address>
         <run_address>0x3014d6</run_address>
         <size>0x9b</size>
         <input_file_ref idref="fl-26"/>
      </object_component>
      <object_component id="oc-27b">
         <name>.text:_ti_sysbios_BIOS_linkedWithIncorrectBootLibrary__E</name>
         <load_address>0x301571</load_address>
         <run_address>0x301571</run_address>
         <size>0x1</size>
         <input_file_ref idref="fl-24"/>
      </object_component>
      <object_component id="oc-385">
         <name>.text</name>
         <load_address>0x301572</load_address>
         <run_address>0x301572</run_address>
         <size>0x94</size>
         <input_file_ref idref="fl-53"/>
      </object_component>
      <object_component id="oc-293">
         <name>.text:_updateData</name>
         <load_address>0x301606</load_address>
         <run_address>0x301606</run_address>
         <size>0x90</size>
         <input_file_ref idref="fl-17"/>
      </object_component>
      <object_component id="oc-308">
         <name>.text:_ti_sysbios_family_c28_Hwi_clearInterrupt__E</name>
         <load_address>0x301696</load_address>
         <run_address>0x301696</run_address>
         <size>0x8b</size>
         <input_file_ref idref="fl-24"/>
      </object_component>
      <object_component id="oc-28b">
         <name>.text:_xdc_runtime_LoggerBuf_write4__E</name>
         <load_address>0x301721</load_address>
         <run_address>0x301721</run_address>
         <size>0x8b</size>
         <input_file_ref idref="fl-2f"/>
      </object_component>
      <object_component id="oc-204">
         <name>.text</name>
         <load_address>0x3017ac</load_address>
         <run_address>0x3017ac</run_address>
         <size>0x8b</size>
         <input_file_ref idref="fl-61"/>
      </object_component>
      <object_component id="oc-173">
         <name>.text</name>
         <load_address>0x301837</load_address>
         <run_address>0x301837</run_address>
         <size>0x88</size>
         <input_file_ref idref="fl-45"/>
      </object_component>
      <object_component id="oc-2b3">
         <name>.text:_init_dma_mcbsp</name>
         <load_address>0x3018bf</load_address>
         <run_address>0x3018bf</run_address>
         <size>0x87</size>
         <input_file_ref idref="fl-2"/>
      </object_component>
      <object_component id="oc-209">
         <name>.text</name>
         <load_address>0x301946</load_address>
         <run_address>0x301946</run_address>
         <size>0x83</size>
         <input_file_ref idref="fl-62"/>
      </object_component>
      <object_component id="oc-2ae">
         <name>.text:_init_EQEP</name>
         <load_address>0x3019c9</load_address>
         <run_address>0x3019c9</run_address>
         <size>0x82</size>
         <input_file_ref idref="fl-3"/>
      </object_component>
      <object_component id="oc-29c">
         <name>.text:_i2c_stdrecv</name>
         <load_address>0x301a4b</load_address>
         <run_address>0x301a4b</run_address>
         <size>0x80</size>
         <input_file_ref idref="fl-14"/>
      </object_component>
      <object_component id="oc-2a0">
         <name>.text:_RCSERVO_out</name>
         <load_address>0x301acb</load_address>
         <run_address>0x301acb</run_address>
         <size>0x7a</size>
         <input_file_ref idref="fl-6"/>
      </object_component>
      <object_component id="oc-2f7">
         <name>.text:_xdc_runtime_Startup_startMods__I</name>
         <load_address>0x301b45</load_address>
         <run_address>0x301b45</run_address>
         <size>0x79</size>
         <input_file_ref idref="fl-31"/>
      </object_component>
      <object_component id="oc-30c">
         <name>.text:_ti_sysbios_knl_Task_checkStacks__E</name>
         <load_address>0x301bbe</load_address>
         <run_address>0x301bbe</run_address>
         <size>0x73</size>
         <input_file_ref idref="fl-24"/>
      </object_component>
      <object_component id="oc-25b">
         <name>.text:_adc_cisr</name>
         <load_address>0x301c31</load_address>
         <run_address>0x301c31</run_address>
         <size>0x6d</size>
         <input_file_ref idref="fl-17"/>
      </object_component>
      <object_component id="oc-2a1">
         <name>.text:_writeDAC7564</name>
         <load_address>0x301c9e</load_address>
         <run_address>0x301c9e</run_address>
         <size>0x6d</size>
         <input_file_ref idref="fl-8"/>
      </object_component>
      <object_component id="oc-35d">
         <name>.text:_xdc_runtime_Text_putSite__E</name>
         <load_address>0x301d0b</load_address>
         <run_address>0x301d0b</run_address>
         <size>0x6b</size>
         <input_file_ref idref="fl-34"/>
      </object_component>
      <object_component id="oc-49">
         <name>.text</name>
         <load_address>0x301d76</load_address>
         <run_address>0x301d76</run_address>
         <size>0x69</size>
         <input_file_ref idref="fl-39"/>
      </object_component>
      <object_component id="oc-255">
         <name>.text:_control</name>
         <load_address>0x301ddf</load_address>
         <run_address>0x301ddf</run_address>
         <size>0x66</size>
         <input_file_ref idref="fl-17"/>
      </object_component>
      <object_component id="oc-37b">
         <name>.text:_ti_sysbios_family_c28_Timer_stopAndClear__I</name>
         <load_address>0x301e45</load_address>
         <run_address>0x301e45</run_address>
         <size>0x66</size>
         <input_file_ref idref="fl-24"/>
      </object_component>
      <object_component id="oc-29d">
         <name>.text:_i2c_stdsend</name>
         <load_address>0x301eab</load_address>
         <run_address>0x301eab</run_address>
         <size>0x61</size>
         <input_file_ref idref="fl-14"/>
      </object_component>
      <object_component id="oc-2c3">
         <name>.text:_ti_sysbios_heaps_HeapMem_allocUnprotected__E</name>
         <load_address>0x301f0c</load_address>
         <run_address>0x301f0c</run_address>
         <size>0x5e</size>
         <input_file_ref idref="fl-24"/>
      </object_component>
      <object_component id="oc-2b1">
         <name>.text:_pre_init</name>
         <load_address>0x301f6a</load_address>
         <run_address>0x301f6a</run_address>
         <size>0x5c</size>
         <input_file_ref idref="fl-4"/>
      </object_component>
      <object_component id="oc-2fa">
         <name>.text:_InitPeripheralClocks</name>
         <load_address>0x301fc6</load_address>
         <run_address>0x301fc6</run_address>
         <size>0x56</size>
         <input_file_ref idref="fl-12"/>
      </object_component>
      <object_component id="oc-29b">
         <name>.text:_ti_sysbios_knl_Task_sleep__E</name>
         <load_address>0x30201c</load_address>
         <run_address>0x30201c</run_address>
         <size>0x53</size>
         <input_file_ref idref="fl-24"/>
      </object_component>
      <object_component id="oc-2f9">
         <name>.text:_InitPll</name>
         <load_address>0x30206f</load_address>
         <run_address>0x30206f</run_address>
         <size>0x51</size>
         <input_file_ref idref="fl-12"/>
      </object_component>
      <object_component id="oc-256">
         <name>.text:_ti_sysbios_knl_Clock_workFunc__E</name>
         <load_address>0x3020c0</load_address>
         <run_address>0x3020c0</run_address>
         <size>0x4d</size>
         <input_file_ref idref="fl-24"/>
      </object_component>
      <object_component id="oc-3a0">
         <name>.text:_ti_sysbios_family_c28_Hwi_dispatchCore__I</name>
         <load_address>0x30210d</load_address>
         <run_address>0x30210d</run_address>
         <size>0x4c</size>
         <input_file_ref idref="fl-24"/>
      </object_component>
      <object_component id="oc-3a3">
         <name>.text:_xdc_runtime_Text_putLab__E</name>
         <load_address>0x302159</load_address>
         <run_address>0x302159</run_address>
         <size>0x4b</size>
         <input_file_ref idref="fl-34"/>
      </object_component>
      <object_component id="oc-30f">
         <name>.text:_ti_sysbios_family_c28_TimestampProvider_get64__E</name>
         <load_address>0x3021a4</load_address>
         <run_address>0x3021a4</run_address>
         <size>0x48</size>
         <input_file_ref idref="fl-24"/>
      </object_component>
      <object_component id="oc-354">
         <name>.text:_ti_sysbios_family_c28_Hwi_Module_startup__E</name>
         <load_address>0x3021ec</load_address>
         <run_address>0x3021ec</run_address>
         <size>0x47</size>
         <input_file_ref idref="fl-24"/>
      </object_component>
      <object_component id="oc-371">
         <name>.text:_ti_sysbios_knl_Task_postInit__I</name>
         <load_address>0x302233</load_address>
         <run_address>0x302233</run_address>
         <size>0x47</size>
         <input_file_ref idref="fl-24"/>
      </object_component>
      <object_component id="oc-276">
         <name>.text:_ti_sysbios_heaps_HeapMem_alloc__E</name>
         <load_address>0x30227a</load_address>
         <run_address>0x30227a</run_address>
         <size>0x46</size>
         <input_file_ref idref="fl-24"/>
      </object_component>
      <object_component id="oc-33d">
         <name>.text:_ti_sysbios_knl_Swi_run__I</name>
         <load_address>0x3022c0</load_address>
         <run_address>0x3022c0</run_address>
         <size>0x46</size>
         <input_file_ref idref="fl-24"/>
      </object_component>
      <object_component id="oc-369">
         <name>.text:_ti_sysbios_family_c28_Timer_postInit__I</name>
         <load_address>0x302306</load_address>
         <run_address>0x302306</run_address>
         <size>0x43</size>
         <input_file_ref idref="fl-24"/>
      </object_component>
      <object_component id="oc-103">
         <name>.text:_ti_sysbios_family_c28_Hwi_unPluggedInterrupt__I</name>
         <load_address>0x302349</load_address>
         <run_address>0x302349</run_address>
         <size>0x42</size>
         <input_file_ref idref="fl-24"/>
      </object_component>
      <object_component id="oc-375">
         <name>.text:_xdc_runtime_Text_putMod__E</name>
         <load_address>0x30238b</load_address>
         <run_address>0x30238b</run_address>
         <size>0x3f</size>
         <input_file_ref idref="fl-34"/>
      </object_component>
      <object_component id="oc-3a4">
         <name>.text:_ti_sysbios_knl_Swi_restoreHwi__E</name>
         <load_address>0x3023ca</load_address>
         <run_address>0x3023ca</run_address>
         <size>0x3e</size>
         <input_file_ref idref="fl-24"/>
      </object_component>
      <object_component id="oc-28e">
         <name>.text:_xdc_runtime_LoggerBuf_getFilterLevel__E</name>
         <load_address>0x302408</load_address>
         <run_address>0x302408</run_address>
         <size>0x3d</size>
         <input_file_ref idref="fl-2f"/>
      </object_component>
      <object_component id="oc-259">
         <name>.text:_compassTask</name>
         <load_address>0x302445</load_address>
         <run_address>0x302445</run_address>
         <size>0x3c</size>
         <input_file_ref idref="fl-14"/>
      </object_component>
      <object_component id="oc-28d">
         <name>.text:_xdc_runtime_LoggerBuf_setFilterLevel__E</name>
         <load_address>0x302481</load_address>
         <run_address>0x302481</run_address>
         <size>0x3c</size>
         <input_file_ref idref="fl-2f"/>
      </object_component>
      <object_component id="oc-395">
         <name>.text:_xdc_runtime_System_formatNum__I</name>
         <load_address>0x3024bd</load_address>
         <run_address>0x3024bd</run_address>
         <size>0x3c</size>
         <input_file_ref idref="fl-32"/>
      </object_component>
      <object_component id="oc-391">
         <name>.text:_ti_sysbios_family_c28_TaskSupport_start__E</name>
         <load_address>0x3024f9</load_address>
         <run_address>0x3024f9</run_address>
         <size>0x3a</size>
         <input_file_ref idref="fl-24"/>
      </object_component>
      <object_component id="oc-374">
         <name>.text</name>
         <load_address>0x302533</load_address>
         <run_address>0x302533</run_address>
         <size>0x38</size>
         <input_file_ref idref="fl-52"/>
      </object_component>
      <object_component id="oc-2a3">
         <name>.text:_serial_recv_ready</name>
         <load_address>0x30256b</load_address>
         <run_address>0x30256b</run_address>
         <size>0x37</size>
         <input_file_ref idref="fl-7"/>
      </object_component>
      <object_component id="oc-2c7">
         <name>.text:_ti_sysbios_heaps_HeapMem_freeUnprotected__E</name>
         <load_address>0x3025a2</load_address>
         <run_address>0x3025a2</run_address>
         <size>0x36</size>
         <input_file_ref idref="fl-24"/>
      </object_component>
      <object_component id="oc-2d6">
         <name>.text:_ti_sysbios_knl_Task_startCore__E</name>
         <load_address>0x3025d8</load_address>
         <run_address>0x3025d8</run_address>
         <size>0x35</size>
         <input_file_ref idref="fl-24"/>
      </object_component>
      <object_component id="oc-309">
         <name>.text:_ti_sysbios_family_c28_Hwi_enableInterrupt__E</name>
         <load_address>0x30260d</load_address>
         <run_address>0x30260d</run_address>
         <size>0x33</size>
         <input_file_ref idref="fl-24"/>
      </object_component>
      <object_component id="oc-2e6">
         <name>.text:_EQEP_read</name>
         <load_address>0x302640</load_address>
         <run_address>0x302640</run_address>
         <size>0x32</size>
         <input_file_ref idref="fl-3"/>
      </object_component>
      <object_component id="oc-358">
         <name>.text:_ti_sysbios_knl_Task_Module_startup__E</name>
         <load_address>0x302672</load_address>
         <run_address>0x302672</run_address>
         <size>0x32</size>
         <input_file_ref idref="fl-24"/>
      </object_component>
      <object_component id="oc-39d">
         <name>.text:_xdc_runtime_Text_visitRope2__I</name>
         <load_address>0x3026a4</load_address>
         <run_address>0x3026a4</run_address>
         <size>0x32</size>
         <input_file_ref idref="fl-34"/>
      </object_component>
      <object_component id="oc-2a2">
         <name>.text:_serial_send</name>
         <load_address>0x3026d6</load_address>
         <run_address>0x3026d6</run_address>
         <size>0x31</size>
         <input_file_ref idref="fl-7"/>
      </object_component>
      <object_component id="oc-34d">
         <name>.text:_xdc_runtime_Error_print__E</name>
         <load_address>0x302707</load_address>
         <run_address>0x302707</run_address>
         <size>0x30</size>
         <input_file_ref idref="fl-2d"/>
      </object_component>
      <object_component id="oc-318">
         <name>.text:_xdc_runtime_Error_setX__E</name>
         <load_address>0x302737</load_address>
         <run_address>0x302737</run_address>
         <size>0x30</size>
         <input_file_ref idref="fl-2d"/>
      </object_component>
      <object_component id="oc-247">
         <name>.text:_xdc_runtime_Startup_exec__E</name>
         <load_address>0x302767</load_address>
         <run_address>0x302767</run_address>
         <size>0x2f</size>
         <input_file_ref idref="fl-31"/>
      </object_component>
      <object_component id="oc-269">
         <name>.text:.bootCodeSection:_ti_catalog_c2800_init_Boot_configurePll2802x</name>
         <load_address>0x302796</load_address>
         <run_address>0x302796</run_address>
         <size>0x2e</size>
         <input_file_ref idref="fl-29"/>
      </object_component>
      <object_component id="oc-2b5">
         <name>.text:_InitMcbspb</name>
         <load_address>0x3027c4</load_address>
         <run_address>0x3027c4</run_address>
         <size>0x2e</size>
         <input_file_ref idref="fl-f"/>
      </object_component>
      <object_component id="oc-2b4">
         <name>.text:_InitMcbspbGpio</name>
         <load_address>0x3027f2</load_address>
         <run_address>0x3027f2</run_address>
         <size>0x2e</size>
         <input_file_ref idref="fl-f"/>
      </object_component>
      <object_component id="oc-313">
         <name>.text:_ti_sysbios_knl_Swi_runLoop__I</name>
         <load_address>0x302820</load_address>
         <run_address>0x302820</run_address>
         <size>0x2e</size>
         <input_file_ref idref="fl-24"/>
      </object_component>
      <object_component id="oc-2e9">
         <name>.text:_ti_sysbios_knl_Swi_schedule__I</name>
         <load_address>0x30284e</load_address>
         <run_address>0x30284e</run_address>
         <size>0x2e</size>
         <input_file_ref idref="fl-24"/>
      </object_component>
      <object_component id="oc-316">
         <name>.text:_ti_sysbios_knl_Task_schedule__I</name>
         <load_address>0x30287c</load_address>
         <run_address>0x30287c</run_address>
         <size>0x2e</size>
         <input_file_ref idref="fl-24"/>
      </object_component>
      <object_component id="oc-349">
         <name>.text:_ti_sysbios_family_c28_Hwi_getInterruptFlag__E</name>
         <load_address>0x3028aa</load_address>
         <run_address>0x3028aa</run_address>
         <size>0x2d</size>
         <input_file_ref idref="fl-24"/>
      </object_component>
      <object_component id="oc-344">
         <name>.text:_ti_sysbios_family_c28_Hwi_getStackInfo__E</name>
         <load_address>0x3028d7</load_address>
         <run_address>0x3028d7</run_address>
         <size>0x2d</size>
         <input_file_ref idref="fl-24"/>
      </object_component>
      <object_component id="oc-279">
         <name>.text:_ti_sysbios_heaps_HeapMem_getStats__E</name>
         <load_address>0x302904</load_address>
         <run_address>0x302904</run_address>
         <size>0x2d</size>
         <input_file_ref idref="fl-24"/>
      </object_component>
      <object_component id="oc-2e5">
         <name>.text:_ti_sysbios_knl_Semaphore_post__E</name>
         <load_address>0x302931</load_address>
         <run_address>0x302931</run_address>
         <size>0x2d</size>
         <input_file_ref idref="fl-24"/>
      </object_component>
      <object_component id="oc-2d3">
         <name>.text:_ti_sysbios_family_c28_Timer_start__E</name>
         <load_address>0x30295e</load_address>
         <run_address>0x30295e</run_address>
         <size>0x2c</size>
         <input_file_ref idref="fl-24"/>
      </object_component>
      <object_component id="oc-330">
         <name>.text:_ti_sysbios_family_c28_Hwi_disablePIEIER__E</name>
         <load_address>0x30298a</load_address>
         <run_address>0x30298a</run_address>
         <size>0x2b</size>
         <input_file_ref idref="fl-24"/>
      </object_component>
      <object_component id="oc-32f">
         <name>.text:_ti_sysbios_family_c28_Hwi_enablePIEIER__E</name>
         <load_address>0x3029b5</load_address>
         <run_address>0x3029b5</run_address>
         <size>0x2a</size>
         <input_file_ref idref="fl-24"/>
      </object_component>
      <object_component id="oc-1ff">
         <name>.text</name>
         <load_address>0x3029df</load_address>
         <run_address>0x3029df</run_address>
         <size>0x2a</size>
         <input_file_ref idref="fl-60"/>
      </object_component>
      <object_component id="oc-17d">
         <name>.text</name>
         <load_address>0x302a09</load_address>
         <run_address>0x302a09</run_address>
         <size>0x2a</size>
         <input_file_ref idref="fl-47"/>
      </object_component>
      <object_component id="oc-33b">
         <name>.text:_ti_sysbios_family_c28_Timer_getExpiredCounts64__E</name>
         <load_address>0x302a33</load_address>
         <run_address>0x302a33</run_address>
         <size>0x29</size>
         <input_file_ref idref="fl-24"/>
      </object_component>
      <object_component id="oc-302">
         <name>.text</name>
         <load_address>0x302a5c</load_address>
         <run_address>0x302a5c</run_address>
         <size>0x29</size>
         <input_file_ref idref="fl-4c"/>
      </object_component>
      <object_component id="oc-376">
         <name>.text:_xdc_runtime_Text_xprintf__I</name>
         <load_address>0x302a85</load_address>
         <run_address>0x302a85</run_address>
         <size>0x28</size>
         <input_file_ref idref="fl-34"/>
      </object_component>
      <object_component id="oc-2f5">
         <name>.text:_ti_sysbios_heaps_HeapMem_init__I</name>
         <load_address>0x302aad</load_address>
         <run_address>0x302aad</run_address>
         <size>0x27</size>
         <input_file_ref idref="fl-24"/>
      </object_component>
      <object_component id="oc-2fe">
         <name>.text:_InitSpiaGpio</name>
         <load_address>0x302ad4</load_address>
         <run_address>0x302ad4</run_address>
         <size>0x26</size>
         <input_file_ref idref="fl-11"/>
      </object_component>
      <object_component id="oc-32c">
         <name>.text:_xdc_runtime_SysMin_flush__E</name>
         <load_address>0x302afa</load_address>
         <run_address>0x302afa</run_address>
         <size>0x26</size>
         <input_file_ref idref="fl-33"/>
      </object_component>
      <object_component id="oc-39c">
         <name>.text:_ti_sysbios_family_c28_TaskSupport_buildTaskStack</name>
         <load_address>0x302b20</load_address>
         <run_address>0x302b20</run_address>
         <size>0x25</size>
         <input_file_ref idref="fl-28"/>
      </object_component>
      <object_component id="oc-33c">
         <name>.text:_ti_sysbios_family_c28_Timer_getExpiredCounts__E</name>
         <load_address>0x302b45</load_address>
         <run_address>0x302b45</run_address>
         <size>0x25</size>
         <input_file_ref idref="fl-24"/>
      </object_component>
      <object_component id="oc-38f">
         <name>.text:_ti_sysbios_family_c28_Hwi_disableInterrupt__E</name>
         <load_address>0x302b6a</load_address>
         <run_address>0x302b6a</run_address>
         <size>0x24</size>
         <input_file_ref idref="fl-24"/>
      </object_component>
      <object_component id="oc-29a">
         <name>.text:_ti_sysbios_knl_Swi_post__E</name>
         <load_address>0x302b8e</load_address>
         <run_address>0x302b8e</run_address>
         <size>0x24</size>
         <input_file_ref idref="fl-24"/>
      </object_component>
      <object_component id="oc-246">
         <name>.text</name>
         <load_address>0x302bb2</load_address>
         <run_address>0x302bb2</run_address>
         <size>0x24</size>
         <input_file_ref idref="fl-48"/>
      </object_component>
      <object_component id="oc-26f">
         <name>.text:_xdc_runtime_System_processAtExit__E</name>
         <load_address>0x302bd6</load_address>
         <run_address>0x302bd6</run_address>
         <size>0x23</size>
         <input_file_ref idref="fl-32"/>
      </object_component>
      <object_component id="oc-277">
         <name>.text:_ti_sysbios_heaps_HeapMem_free__E</name>
         <load_address>0x302bf9</load_address>
         <run_address>0x302bf9</run_address>
         <size>0x21</size>
         <input_file_ref idref="fl-24"/>
      </object_component>
      <object_component id="oc-30a">
         <name>.text:_ti_sysbios_knl_Task_allBlockedFunction__I</name>
         <load_address>0x302c1a</load_address>
         <run_address>0x302c1a</run_address>
         <size>0x21</size>
         <input_file_ref idref="fl-24"/>
      </object_component>
      <object_component id="oc-218">
         <name>.text</name>
         <load_address>0x302c3b</load_address>
         <run_address>0x302c3b</run_address>
         <size>0x21</size>
         <input_file_ref idref="fl-65"/>
      </object_component>
      <object_component id="oc-37d">
         <name>.text:_ti_sysbios_family_c28_Timer_setPrescale__E</name>
         <load_address>0x302c5c</load_address>
         <run_address>0x302c5c</run_address>
         <size>0x20</size>
         <input_file_ref idref="fl-24"/>
      </object_component>
      <object_component id="oc-2ef">
         <name>.text:_ti_sysbios_knl_Task_yield__E</name>
         <load_address>0x302c7c</load_address>
         <run_address>0x302c7c</run_address>
         <size>0x20</size>
         <input_file_ref idref="fl-24"/>
      </object_component>
      <object_component id="oc-27d">
         <name>.text:_xdc_runtime_System_atexit__E</name>
         <load_address>0x302c9c</load_address>
         <run_address>0x302c9c</run_address>
         <size>0x20</size>
         <input_file_ref idref="fl-32"/>
      </object_component>
      <object_component id="oc-37f">
         <name>.text:_ti_sysbios_knl_Task_exit__E</name>
         <load_address>0x302cbc</load_address>
         <run_address>0x302cbc</run_address>
         <size>0x1f</size>
         <input_file_ref idref="fl-24"/>
      </object_component>
      <object_component id="oc-2da">
         <name>.text:_xdc_runtime_LoggerBuf_filterOutEvent__I</name>
         <load_address>0x302cdb</load_address>
         <run_address>0x302cdb</run_address>
         <size>0x1f</size>
         <input_file_ref idref="fl-2f"/>
      </object_component>
      <object_component id="oc-21d">
         <name>.text</name>
         <load_address>0x302cfa</load_address>
         <run_address>0x302cfa</run_address>
         <size>0x1f</size>
         <input_file_ref idref="fl-66"/>
      </object_component>
      <object_component id="oc-2ec">
         <name>.text:_ti_sysbios_knl_Task_blockI__E</name>
         <load_address>0x302d19</load_address>
         <run_address>0x302d19</run_address>
         <size>0x1e</size>
         <input_file_ref idref="fl-24"/>
      </object_component>
      <object_component id="oc-360">
         <name>.text:_xdc_runtime_SysMin_putch__E</name>
         <load_address>0x302d37</load_address>
         <run_address>0x302d37</run_address>
         <size>0x1e</size>
         <input_file_ref idref="fl-33"/>
      </object_component>
      <object_component id="oc-227">
         <name>.text</name>
         <load_address>0x302d55</load_address>
         <run_address>0x302d55</run_address>
         <size>0x1e</size>
         <input_file_ref idref="fl-68"/>
      </object_component>
      <object_component id="oc-26a">
         <name>.text</name>
         <load_address>0x302d73</load_address>
         <run_address>0x302d73</run_address>
         <size>0x1e</size>
         <input_file_ref idref="fl-49"/>
      </object_component>
      <object_component id="oc-339">
         <name>.text:_ti_sysbios_family_c28_TaskSupport_swap__E</name>
         <load_address>0x302d91</load_address>
         <run_address>0x302d91</run_address>
         <size>0x1d</size>
         <input_file_ref idref="fl-28"/>
      </object_component>
      <object_component id="oc-22c">
         <name>.text</name>
         <load_address>0x302dae</load_address>
         <run_address>0x302dae</run_address>
         <size>0x1d</size>
         <input_file_ref idref="fl-69"/>
      </object_component>
      <object_component id="oc-33e">
         <name>.text:_ti_sysbios_hal_Hwi_checkStack</name>
         <load_address>0x302dcb</load_address>
         <run_address>0x302dcb</run_address>
         <size>0x1c</size>
         <input_file_ref idref="fl-24"/>
      </object_component>
      <object_component id="oc-35a">
         <name>.text:_xdc_runtime_SysMin_output__I</name>
         <load_address>0x302de7</load_address>
         <run_address>0x302de7</run_address>
         <size>0x1c</size>
         <input_file_ref idref="fl-1c"/>
      </object_component>
      <object_component id="oc-236">
         <name>.text</name>
         <load_address>0x302e03</load_address>
         <run_address>0x302e03</run_address>
         <size>0x1c</size>
         <input_file_ref idref="fl-6b"/>
      </object_component>
      <object_component id="oc-231">
         <name>.text</name>
         <load_address>0x302e1f</load_address>
         <run_address>0x302e1f</run_address>
         <size>0x1c</size>
         <input_file_ref idref="fl-6a"/>
      </object_component>
      <object_component id="oc-397">
         <name>.text:_ti_sysbios_family_c28_Hwi_switchAndDispatch__I</name>
         <load_address>0x302e3b</load_address>
         <run_address>0x302e3b</run_address>
         <size>0x1b</size>
         <input_file_ref idref="fl-25"/>
      </object_component>
      <object_component id="oc-2f6">
         <name>.text:_ti_sysbios_hal_Hwi_initStack</name>
         <load_address>0x302e56</load_address>
         <run_address>0x302e56</run_address>
         <size>0x1b</size>
         <input_file_ref idref="fl-24"/>
      </object_component>
      <object_component id="oc-390">
         <name>.text:_ti_sysbios_knl_Task_processVitalTaskFlag__I</name>
         <load_address>0x302e71</load_address>
         <run_address>0x302e71</run_address>
         <size>0x1b</size>
         <input_file_ref idref="fl-24"/>
      </object_component>
      <object_component id="oc-290">
         <name>.text:_ti_sysbios_gates_GateMutex_enter__E</name>
         <load_address>0x302e8c</load_address>
         <run_address>0x302e8c</run_address>
         <size>0x1a</size>
         <input_file_ref idref="fl-24"/>
      </object_component>
      <object_component id="oc-2eb">
         <name>.text:_ti_sysbios_knl_Clock_addI__E</name>
         <load_address>0x302ea6</load_address>
         <run_address>0x302ea6</run_address>
         <size>0x1a</size>
         <input_file_ref idref="fl-24"/>
      </object_component>
      <object_component id="oc-378">
         <name>.text:_xdc_runtime_System_avprintf__E</name>
         <load_address>0x302ec0</load_address>
         <run_address>0x302ec0</run_address>
         <size>0x1a</size>
         <input_file_ref idref="fl-32"/>
      </object_component>
      <object_component id="oc-2b9">
         <name>.text:_Init_i2c</name>
         <load_address>0x302eda</load_address>
         <run_address>0x302eda</run_address>
         <size>0x19</size>
         <input_file_ref idref="fl-14"/>
      </object_component>
      <object_component id="oc-29f">
         <name>.text:_start_SPI</name>
         <load_address>0x302ef3</load_address>
         <run_address>0x302ef3</run_address>
         <size>0x19</size>
         <input_file_ref idref="fl-8"/>
      </object_component>
      <object_component id="oc-2d5">
         <name>.text:_ti_sysbios_knl_Swi_restore__E</name>
         <load_address>0x302f0c</load_address>
         <run_address>0x302f0c</run_address>
         <size>0x19</size>
         <input_file_ref idref="fl-24"/>
      </object_component>
      <object_component id="oc-396">
         <name>.text:_xdc_runtime_System_putchar__I</name>
         <load_address>0x302f25</load_address>
         <run_address>0x302f25</run_address>
         <size>0x19</size>
         <input_file_ref idref="fl-32"/>
      </object_component>
      <object_component id="oc-379">
         <name>.text:_xdc_runtime_System_vprintf__E</name>
         <load_address>0x302f3e</load_address>
         <run_address>0x302f3e</run_address>
         <size>0x19</size>
         <input_file_ref idref="fl-32"/>
      </object_component>
      <object_component id="oc-249">
         <name>.text</name>
         <load_address>0x302f57</load_address>
         <run_address>0x302f57</run_address>
         <size>0x19</size>
         <input_file_ref idref="fl-4e"/>
      </object_component>
      <object_component id="oc-2ba">
         <name>.text:_post_init</name>
         <load_address>0x302f70</load_address>
         <run_address>0x302f70</run_address>
         <size>0x18</size>
         <input_file_ref idref="fl-4"/>
      </object_component>
      <object_component id="oc-314">
         <name>.text:_ti_sysbios_family_xxx_Hwi_switchAndRunFunc</name>
         <load_address>0x302f88</load_address>
         <run_address>0x302f88</run_address>
         <size>0x18</size>
         <input_file_ref idref="fl-25"/>
      </object_component>
      <object_component id="oc-363">
         <name>.text:_xdc_runtime_LoggerBuf_reset__E</name>
         <load_address>0x302fa0</load_address>
         <run_address>0x302fa0</run_address>
         <size>0x18</size>
         <input_file_ref idref="fl-2f"/>
      </object_component>
      <object_component id="oc-38a">
         <name>.text:_xdc_runtime_Text_printVisFxn__I</name>
         <load_address>0x302fb8</load_address>
         <run_address>0x302fb8</run_address>
         <size>0x18</size>
         <input_file_ref idref="fl-34"/>
      </object_component>
      <object_component id="oc-222">
         <name>.text</name>
         <load_address>0x302fd0</load_address>
         <run_address>0x302fd0</run_address>
         <size>0x18</size>
         <input_file_ref idref="fl-67"/>
      </object_component>
      <object_component id="oc-27f">
         <name>.text:_ti_sysbios_family_c28_Timer_startup__E</name>
         <load_address>0x302fe8</load_address>
         <run_address>0x302fe8</run_address>
         <size>0x17</size>
         <input_file_ref idref="fl-24"/>
      </object_component>
      <object_component id="oc-258">
         <name>.text:_ti_sysbios_knl_Clock_doTick__I</name>
         <load_address>0x302fff</load_address>
         <run_address>0x302fff</run_address>
         <size>0x17</size>
         <input_file_ref idref="fl-1c"/>
      </object_component>
      <object_component id="oc-310">
         <name>.text:_ti_sysbios_knl_Semaphore_pendTimeout__I</name>
         <load_address>0x303016</load_address>
         <run_address>0x303016</run_address>
         <size>0x17</size>
         <input_file_ref idref="fl-24"/>
      </object_component>
      <object_component id="oc-2ed">
         <name>.text:_ti_sysbios_knl_Task_restore__E</name>
         <load_address>0x30302d</load_address>
         <run_address>0x30302d</run_address>
         <size>0x17</size>
         <input_file_ref idref="fl-24"/>
      </object_component>
      <object_component id="oc-312">
         <name>.text:_ti_sysbios_knl_Task_unblockI__E</name>
         <load_address>0x303044</load_address>
         <run_address>0x303044</run_address>
         <size>0x17</size>
         <input_file_ref idref="fl-24"/>
      </object_component>
      <object_component id="oc-350">
         <name>.text:_xdc_runtime_LoggerBuf_Module_startup__E</name>
         <load_address>0x30305b</load_address>
         <run_address>0x30305b</run_address>
         <size>0x17</size>
         <input_file_ref idref="fl-2f"/>
      </object_component>
      <object_component id="oc-2b8">
         <name>.text:_InitI2CGpio</name>
         <load_address>0x303072</load_address>
         <run_address>0x303072</run_address>
         <size>0x16</size>
         <input_file_ref idref="fl-14"/>
      </object_component>
      <object_component id="oc-2fd">
         <name>.text:_clkg_delay_loop</name>
         <load_address>0x303088</load_address>
         <run_address>0x303088</run_address>
         <size>0x16</size>
         <input_file_ref idref="fl-f"/>
      </object_component>
      <object_component id="oc-2fc">
         <name>.text:_delay_loop</name>
         <load_address>0x30309e</load_address>
         <run_address>0x30309e</run_address>
         <size>0x16</size>
         <input_file_ref idref="fl-f"/>
      </object_component>
      <object_component id="oc-27c">
         <name>.text:_ti_sysbios_BIOS_atExitFunc__I</name>
         <load_address>0x3030b4</load_address>
         <run_address>0x3030b4</run_address>
         <size>0x16</size>
         <input_file_ref idref="fl-1c"/>
      </object_component>
      <object_component id="oc-355">
         <name>.text:_ti_sysbios_family_c28_Timer_Module_startup__E</name>
         <load_address>0x3030ca</load_address>
         <run_address>0x3030ca</run_address>
         <size>0x16</size>
         <input_file_ref idref="fl-24"/>
      </object_component>
      <object_component id="oc-34e">
         <name>.text:_xdc_runtime_SysMin_abort__E</name>
         <load_address>0x3030e0</load_address>
         <run_address>0x3030e0</run_address>
         <size>0x16</size>
         <input_file_ref idref="fl-33"/>
      </object_component>
      <object_component id="oc-251">
         <name>.text:_ti_sysbios_BIOS_startFunc__I</name>
         <load_address>0x3030f6</load_address>
         <run_address>0x3030f6</run_address>
         <size>0x15</size>
         <input_file_ref idref="fl-1c"/>
      </object_component>
      <object_component id="oc-357">
         <name>.text:_ti_sysbios_knl_Swi_Module_startup__E</name>
         <load_address>0x30310b</load_address>
         <run_address>0x30310b</run_address>
         <size>0x15</size>
         <input_file_ref idref="fl-24"/>
      </object_component>
      <object_component id="oc-29e">
         <name>.text:_ti_sysbios_knl_Idle_run__E</name>
         <load_address>0x303120</load_address>
         <run_address>0x303120</run_address>
         <size>0x14</size>
         <input_file_ref idref="fl-24"/>
      </object_component>
      <object_component id="oc-2ab">
         <name>.text:_MemCopy</name>
         <load_address>0x303134</load_address>
         <run_address>0x303134</run_address>
         <size>0x13</size>
         <input_file_ref idref="fl-17"/>
      </object_component>
      <object_component id="oc-267">
         <name>.text:_xdc_runtime_Error_raiseX__E</name>
         <load_address>0x303147</load_address>
         <run_address>0x303147</run_address>
         <size>0x13</size>
         <input_file_ref idref="fl-2d"/>
      </object_component>
      <object_component id="oc-356">
         <name>.text:_ti_sysbios_knl_Clock_Module_startup__E</name>
         <load_address>0x30315a</load_address>
         <run_address>0x30315a</run_address>
         <size>0x12</size>
         <input_file_ref idref="fl-24"/>
      </object_component>
      <object_component id="oc-2fb">
         <name>.text:_init_buffer</name>
         <load_address>0x30316c</load_address>
         <run_address>0x30316c</run_address>
         <size>0x11</size>
         <input_file_ref idref="fl-7"/>
      </object_component>
      <object_component id="oc-398">
         <name>.text:_ti_sysbios_knl_Task_restoreHwi__E</name>
         <load_address>0x30317d</load_address>
         <run_address>0x30317d</run_address>
         <size>0x11</size>
         <input_file_ref idref="fl-24"/>
      </object_component>
      <object_component id="oc-292">
         <name>.text:_CheckDog</name>
         <load_address>0x30318e</load_address>
         <run_address>0x30318e</run_address>
         <size>0x10</size>
         <input_file_ref idref="fl-12"/>
      </object_component>
      <object_component id="oc-341">
         <name>.text:_ti_sysbios_BIOS_errorRaiseHook__I</name>
         <load_address>0x30319e</load_address>
         <run_address>0x30319e</run_address>
         <size>0x10</size>
         <input_file_ref idref="fl-1c"/>
      </object_component>
      <object_component id="oc-37c">
         <name>.text:_ti_sysbios_family_c28_Timer_stop__E</name>
[...]
         <value>0x302e3b</value>
         <object_component_ref idref="oc-397"/>
      </symbol>
      <symbol id="sm-8c3">
         <name>_ti_sysbios_family_c28_Hwi_interruptReturn__I</name>
         <value>0x30350e</value>
         <object_component_ref idref="oc-32e"/>
      </symbol>
      <symbol id="sm-8c4">
         <name>_ti_sysbios_family_xxx_Hwi_switchAndRunFunc</name>
         <value>0x302f88</value>
         <object_component_ref idref="oc-314"/>
      </symbol>
      <symbol id="sm-969">
         <name>_ti_sysbios_family_c28_Hwi_dispatchTable</name>
         <value>0x3014d6</value>
         <object_component_ref idref="oc-37a"/>
      </symbol>
      <symbol id="sm-96a">
         <name>_ti_sysbios_family_c28_Hwi_dispatchPie</name>
         <value>0x301533</value>
         <object_component_ref idref="oc-37a"/>
      </symbol>
      <symbol id="sm-976">
         <name>_ti_sysbios_family_c28_IntrinsicsSupport_maxbit__E</name>
         <value>0x303450</value>
         <object_component_ref idref="oc-30b"/>
      </symbol>
      <symbol id="sm-986">
         <name>_ti_sysbios_family_c28_TaskSupport_buildTaskStack</name>
         <value>0x302b20</value>
         <object_component_ref idref="oc-39c"/>
      </symbol>
      <symbol id="sm-987">
         <name>_ti_sysbios_family_c28_TaskSupport_swap__E</name>
         <value>0x302d91</value>
         <object_component_ref idref="oc-339"/>
      </symbol>
      <symbol id="sm-988">
         <name>_ti_sysbios_family_c28_TaskSupport_glue</name>
         <value>0x3033b7</value>
         <object_component_ref idref="oc-3a1"/>
      </symbol>
      <symbol id="sm-99b">
         <name>_ti_catalog_c2800_init_Boot_configurePll2802x</name>
         <value>0x302796</value>
         <object_component_ref idref="oc-269"/>
      </symbol>
      <symbol id="sm-99c">
         <name>_ti_catalog_c2800_init_Boot_disableWatchdog</name>
         <value>0x3031ce</value>
         <object_component_ref idref="oc-268"/>
      </symbol>
      <symbol id="sm-99d">
         <name>_ti_catalog_c2800_init_Boot_defaultLimpAbortFunction</name>
         <value>0x3034ff</value>
         <object_component_ref idref="oc-2f3"/>
      </symbol>
      <symbol id="sm-9e1">
         <name>_xdc_runtime_Error_getSite__E</name>
         <value>0x303509</value>
         <object_component_ref idref="oc-35c"/>
      </symbol>
      <symbol id="sm-9e2">
         <name>_xdc_runtime_Error_print__E</name>
         <value>0x302707</value>
         <object_component_ref idref="oc-34d"/>
      </symbol>
      <symbol id="sm-9e3">
         <name>_xdc_runtime_Error_policyDefault__E</name>
         <value>0x30139e</value>
         <object_component_ref idref="oc-2f2"/>
      </symbol>
      <symbol id="sm-9e4">
         <name>_xdc_runtime_Error_init__E</name>
         <value>0x30336c</value>
         <object_component_ref idref="oc-2e0"/>
      </symbol>
      <symbol id="sm-9e5">
         <name>_xdc_runtime_Error_raiseX__E</name>
         <value>0x303147</value>
         <object_component_ref idref="oc-267"/>
      </symbol>
      <symbol id="sm-9e6">
         <name>_xdc_runtime_Error_setX__E</name>
         <value>0x302737</value>
         <object_component_ref idref="oc-318"/>
      </symbol>
      <symbol id="sm-9f4">
         <name>_xdc_runtime_Gate_leaveSystem__E</name>
         <value>0x303474</value>
         <object_component_ref idref="oc-2cf"/>
      </symbol>
      <symbol id="sm-9f5">
         <name>_xdc_runtime_Gate_enterSystem__E</name>
         <value>0x30346e</value>
         <object_component_ref idref="oc-2bd"/>
      </symbol>
      <symbol id="sm-a3e">
         <name>_xdc_runtime_LoggerBuf_write0__E</name>
         <value>0x303291</value>
         <object_component_ref idref="oc-288"/>
      </symbol>
      <symbol id="sm-a3f">
         <name>_xdc_runtime_LoggerBuf_Module_startup__E</name>
         <value>0x30305b</value>
         <object_component_ref idref="oc-350"/>
      </symbol>
      <symbol id="sm-a40">
         <name>_xdc_runtime_LoggerBuf_reset__E</name>
         <value>0x302fa0</value>
         <object_component_ref idref="oc-363"/>
      </symbol>
      <symbol id="sm-a41">
         <name>_xdc_runtime_LoggerBuf_write4__E</name>
         <value>0x301721</value>
         <object_component_ref idref="oc-28b"/>
      </symbol>
      <symbol id="sm-a42">
         <name>_xdc_runtime_LoggerBuf_getFilterLevel__E</name>
         <value>0x302408</value>
         <object_component_ref idref="oc-28e"/>
      </symbol>
      <symbol id="sm-a43">
         <name>_xdc_runtime_LoggerBuf_disable__E</name>
         <value>0x30348f</value>
         <object_component_ref idref="oc-287"/>
      </symbol>
      <symbol id="sm-a44">
         <name>_xdc_runtime_LoggerBuf_setFilterLevel__E</name>
         <value>0x302481</value>
         <object_component_ref idref="oc-28d"/>
      </symbol>
      <symbol id="sm-a45">
         <name>_xdc_runtime_LoggerBuf_write8__E</name>
         <value>0x3010b1</value>
         <object_component_ref idref="oc-28c"/>
      </symbol>
      <symbol id="sm-a46">
         <name>_xdc_runtime_LoggerBuf_write2__E</name>
         <value>0x3031ec</value>
         <object_component_ref idref="oc-28a"/>
      </symbol>
      <symbol id="sm-a47">
         <name>_xdc_runtime_LoggerBuf_filterOutEvent__I</name>
         <value>0x302cdb</value>
         <object_component_ref idref="oc-2da"/>
      </symbol>
      <symbol id="sm-a48">
         <name>_xdc_runtime_LoggerBuf_write1__E</name>
         <value>0x30329e</value>
         <object_component_ref idref="oc-289"/>
      </symbol>
      <symbol id="sm-a49">
         <name>_xdc_runtime_LoggerBuf_enable__E</name>
         <value>0x30347a</value>
         <object_component_ref idref="oc-286"/>
      </symbol>
      <symbol id="sm-a74">
         <name>_xdc_runtime_Startup_startMods__I</name>
         <value>0x301b45</value>
         <object_component_ref idref="oc-2f7"/>
      </symbol>
      <symbol id="sm-a75">
         <name>_xdc_runtime_Startup_rtsDone__E</name>
         <value>0x3034a4</value>
         <object_component_ref idref="oc-27a"/>
      </symbol>
      <symbol id="sm-a76">
         <name>_xdc_runtime_Startup_exec__E</name>
         <value>0x302767</value>
         <object_component_ref idref="oc-247"/>
      </symbol>
      <symbol id="sm-af8">
         <name>_xdc_runtime_System_formatNum__I</name>
         <value>0x3024bd</value>
         <object_component_ref idref="oc-395"/>
      </symbol>
      <symbol id="sm-af9">
         <name>_xdc_runtime_System_exit__E</name>
         <value>0x303357</value>
         <object_component_ref idref="oc-24a"/>
      </symbol>
      <symbol id="sm-afa">
         <name>_xdc_runtime_System_exitStd__E</name>
         <value>0x3034fc</value>
         <object_component_ref idref="oc-2bf"/>
      </symbol>
      <symbol id="sm-afb">
         <name>_xdc_runtime_System_printf_va__F</name>
         <value>0x302f3e</value>
         <object_component_ref idref="oc-379"/>
      </symbol>
      <symbol id="sm-afc">
         <name>_xdc_runtime_System_atexit__E</name>
         <value>0x302c9c</value>
         <object_component_ref idref="oc-27d"/>
      </symbol>
      <symbol id="sm-afd">
         <name>_xdc_runtime_System_abortStd__E</name>
         <value>0x3034f9</value>
         <object_component_ref idref="oc-34f"/>
      </symbol>
      <symbol id="sm-afe">
         <name>_xdc_runtime_System_putchar__I</name>
         <value>0x302f25</value>
         <object_component_ref idref="oc-396"/>
      </symbol>
      <symbol id="sm-aff">
         <name>_xdc_runtime_System_snprintf_va__F</name>
         <value>0x303376</value>
         <object_component_ref idref="oc-38b"/>
      </symbol>
      <symbol id="sm-b00">
         <name>_xdc_runtime_System_Module_startup__E</name>
         <value>0x3034ea</value>
         <object_component_ref idref="oc-351"/>
      </symbol>
      <symbol id="sm-b01">
         <name>_xdc_runtime_System_avprintf__E</name>
         <value>0x302ec0</value>
         <object_component_ref idref="oc-378"/>
      </symbol>
      <symbol id="sm-b02">
         <name>_xdc_runtime_System_vprintf__E</name>
         <value>0x302f3e</value>
         <object_component_ref idref="oc-379"/>
      </symbol>
      <symbol id="sm-b03">
         <name>_xdc_runtime_System_aprintf_va__F</name>
         <value>0x302ec0</value>
         <object_component_ref idref="oc-378"/>
      </symbol>
      <symbol id="sm-b04">
         <name>_xdc_runtime_System_doPrint__I</name>
         <value>0x300294</value>
         <object_component_ref idref="oc-38d"/>
      </symbol>
      <symbol id="sm-b05">
         <name>_xdc_runtime_System_processAtExit__E</name>
         <value>0x302bd6</value>
         <object_component_ref idref="oc-26f"/>
      </symbol>
      <symbol id="sm-b06">
         <name>_xdc_runtime_System_vsnprintf__E</name>
         <value>0x303376</value>
         <object_component_ref idref="oc-38b"/>
      </symbol>
      <symbol id="sm-b07">
         <name>_xdc_runtime_System_abort__E</name>
         <value>0x3032ab</value>
         <object_component_ref idref="oc-323"/>
      </symbol>
      <symbol id="sm-b26">
         <name>_xdc_runtime_SysMin_abort__E</name>
         <value>0x3030e0</value>
         <object_component_ref idref="oc-34e"/>
      </symbol>
      <symbol id="sm-b27">
         <name>_xdc_runtime_SysMin_ready__E</name>
         <value>0x30341e</value>
         <object_component_ref idref="oc-393"/>
      </symbol>
      <symbol id="sm-b28">
         <name>_xdc_runtime_SysMin_flush__E</name>
         <value>0x302afa</value>
         <object_component_ref idref="oc-32c"/>
      </symbol>
      <symbol id="sm-b29">
         <name>_xdc_runtime_SysMin_Module_startup__E</name>
         <value>0x3031be</value>
         <object_component_ref idref="oc-352"/>
      </symbol>
      <symbol id="sm-b2a">
         <name>_xdc_runtime_SysMin_putch__E</name>
         <value>0x302d37</value>
         <object_component_ref idref="oc-360"/>
      </symbol>
      <symbol id="sm-b2b">
         <name>_xdc_runtime_SysMin_exit__E</name>
         <value>0x30334c</value>
         <object_component_ref idref="oc-301"/>
      </symbol>
      <symbol id="sm-b6d">
         <name>_xdc_runtime_Text_putLab__E</name>
         <value>0x302159</value>
         <object_component_ref idref="oc-3a3"/>
      </symbol>
      <symbol id="sm-b6e">
         <name>_xdc_runtime_Text_printVisFxn__I</name>
         <value>0x302fb8</value>
         <object_component_ref idref="oc-38a"/>
      </symbol>
      <symbol id="sm-b6f">
         <name>_xdc_runtime_Text_putMod__E</name>
         <value>0x30238b</value>
         <object_component_ref idref="oc-375"/>
      </symbol>
      <symbol id="sm-b70">
         <name>_xdc_runtime_Text_xprintf__I</name>
         <value>0x302a85</value>
         <object_component_ref idref="oc-376"/>
      </symbol>
      <symbol id="sm-b71">
         <name>_xdc_runtime_Text_visitRope2__I</name>
         <value>0x3026a4</value>
         <object_component_ref idref="oc-39d"/>
      </symbol>
      <symbol id="sm-b72">
         <name>_xdc_runtime_Text_ropeText__E</name>
         <value>0x303380</value>
         <object_component_ref idref="oc-340"/>
      </symbol>
      <symbol id="sm-b73">
         <name>_xdc_runtime_Text_putSite__E</name>
         <value>0x301d0b</value>
         <object_component_ref idref="oc-35d"/>
      </symbol>
      <symbol id="sm-b7f">
         <name>___xdc__init</name>
         <value>0x3034a8</value>
         <object_component_ref idref="oc-24b"/>
      </symbol>
      <symbol id="sm-bac">
         <name>_xdc_runtime_Registry_findById__E</name>
         <value>0x3031fb</value>
         <object_component_ref idref="oc-388"/>
      </symbol>
      <symbol id="sm-bc7">
         <name>_c_int00</name>
         <value>0x301d76</value>
         <object_component_ref idref="oc-49"/>
      </symbol>
      <symbol id="sm-bc8">
         <name>__stack</name>
         <value>0x98ec</value>
         <object_component_ref idref="oc-16e"/>
      </symbol>
      <symbol id="sm-bd9">
         <name>FS$$DIV</name>
         <value>0x301837</value>
         <object_component_ref idref="oc-173"/>
      </symbol>
      <symbol id="sm-c05">
         <name>ULL$$MOD</name>
         <value>0x300e58</value>
         <object_component_ref idref="oc-178"/>
      </symbol>
      <symbol id="sm-c06">
         <name>ULL$$DIV</name>
         <value>0x300e29</value>
         <object_component_ref idref="oc-178"/>
      </symbol>
      <symbol id="sm-c07">
         <name>LL$$MOD</name>
         <value>0x300def</value>
         <object_component_ref idref="oc-178"/>
      </symbol>
      <symbol id="sm-c08">
         <name>LL$$DIV</name>
         <value>0x300db3</value>
         <object_component_ref idref="oc-178"/>
      </symbol>
      <symbol id="sm-c14">
         <name>UL$$MOD</name>
         <value>0x302a2d</value>
         <object_component_ref idref="oc-17d"/>
      </symbol>
      <symbol id="sm-c15">
         <name>L$$MOD</name>
         <value>0x302a18</value>
         <object_component_ref idref="oc-17d"/>
      </symbol>
      <symbol id="sm-c16">
         <name>L$$DIV</name>
         <value>0x302a09</value>
         <object_component_ref idref="oc-17d"/>
      </symbol>
      <symbol id="sm-c17">
         <name>UL$$DIV</name>
         <value>0x302a26</value>
         <object_component_ref idref="oc-17d"/>
      </symbol>
      <symbol id="sm-c26">
         <name>_copy_in</name>
         <value>0x302bb2</value>
         <object_component_ref idref="oc-246"/>
      </symbol>
      <symbol id="sm-c37">
         <name>_memcpy</name>
         <value>0x302d73</value>
         <object_component_ref idref="oc-26a"/>
      </symbol>
      <symbol id="sm-c43">
         <name>__system_pre_init</name>
         <value>0x30350b</value>
         <object_component_ref idref="oc-244"/>
      </symbol>
      <symbol id="sm-c4f">
         <name>__system_post_cinit</name>
         <value>0x303510</value>
         <object_component_ref idref="oc-248"/>
      </symbol>
      <symbol id="sm-c63">
         <name>C$$EXIT</name>
         <value>0x302a5c</value>
         <object_component_ref idref="oc-302"/>
      </symbol>
      <symbol id="sm-c64">
         <name>_exit</name>
         <value>0x302a5e</value>
         <object_component_ref idref="oc-302"/>
      </symbol>
      <symbol id="sm-c65">
         <name>___TI_cleanup_ptr</name>
         <value>0x8d3c</value>
         <object_component_ref idref="oc-198"/>
      </symbol>
      <symbol id="sm-c66">
         <name>___TI_enable_exit_profile_output</name>
         <value>0x8d3a</value>
         <object_component_ref idref="oc-198"/>
      </symbol>
      <symbol id="sm-c67">
         <name>_abort</name>
         <value>0x302a5c</value>
         <object_component_ref idref="oc-302"/>
      </symbol>
      <symbol id="sm-c68">
         <name>___TI_dtors_ptr</name>
         <value>0x8d3e</value>
         <object_component_ref idref="oc-198"/>
      </symbol>
      <symbol id="sm-c7c">
         <name>__unlock</name>
         <value>0x97fe</value>
         <object_component_ref idref="oc-303"/>
      </symbol>
      <symbol id="sm-c7d">
         <name>__lock</name>
         <value>0x97fc</value>
         <object_component_ref idref="oc-304"/>
      </symbol>
      <symbol id="sm-c7e">
         <name>__register_lock</name>
         <value>0x3033e8</value>
         <object_component_ref idref="oc-2cb"/>
      </symbol>
      <symbol id="sm-c7f">
         <name>__nop</name>
         <value>0x3033ec</value>
         <object_component_ref idref="oc-2cb"/>
      </symbol>
      <symbol id="sm-c80">
         <name>__register_unlock</name>
         <value>0x3033e4</value>
         <object_component_ref idref="oc-2cb"/>
      </symbol>
      <symbol id="sm-c8f">
         <name>__args_main</name>
         <value>0x302f57</value>
         <object_component_ref idref="oc-249"/>
      </symbol>
      <symbol id="sm-c9d">
         <name>_memset</name>
         <value>0x3032e8</value>
         <object_component_ref idref="oc-364"/>
      </symbol>
      <symbol id="sm-cb3">
         <name>_strlen</name>
         <value>0x303426</value>
         <object_component_ref idref="oc-377"/>
      </symbol>
      <symbol id="sm-cc0">
         <name>_HOSTwrite</name>
         <value>0x302533</value>
         <object_component_ref idref="oc-374"/>
      </symbol>
      <symbol id="sm-cd9">
         <name>___TI_readmsg</name>
         <value>0x3015ca</value>
         <object_component_ref idref="oc-385"/>
      </symbol>
      <symbol id="sm-cda">
         <name>C$$IO$$</name>
         <value>0x3015c5</value>
         <object_component_ref idref="oc-385"/>
      </symbol>
      <symbol id="sm-cdb">
         <name>__CIOBUF_</name>
         <value>0xa680</value>
         <object_component_ref idref="oc-1bc"/>
      </symbol>
      <symbol id="sm-cdc">
         <name>___TI_writemsg</name>
         <value>0x301572</value>
         <object_component_ref idref="oc-385"/>
      </symbol>
      <symbol id="sm-d3a">
         <name>_parmbuf</name>
         <value>0x8d32</value>
         <object_component_ref idref="oc-1e9"/>
      </symbol>
      <symbol id="sm-d74">
         <name>FD$$ADD</name>
         <value>0x30143a</value>
         <object_component_ref idref="oc-1fa"/>
      </symbol>
      <symbol id="sm-d84">
         <name>FD$$CMP</name>
         <value>0x3029df</value>
         <object_component_ref idref="oc-1ff"/>
      </symbol>
      <symbol id="sm-d9b">
         <name>FD$$DIV</name>
         <value>0x3017ac</value>
         <object_component_ref idref="oc-204"/>
      </symbol>
      <symbol id="sm-dad">
         <name>FD$$MPY</name>
         <value>0x301946</value>
         <object_component_ref idref="oc-209"/>
      </symbol>
      <symbol id="sm-dba">
         <name>FD$$NEG</name>
         <value>0x3033ed</value>
         <object_component_ref idref="oc-20e"/>
      </symbol>
      <symbol id="sm-dc6">
         <name>FD$$SUB</name>
         <value>0x303242</value>
         <object_component_ref idref="oc-213"/>
      </symbol>
      <symbol id="sm-dd5">
         <name>FD$$TOI</name>
         <value>0x302c3b</value>
         <object_component_ref idref="oc-218"/>
      </symbol>
      <symbol id="sm-de4">
         <name>FD$$TOL</name>
         <value>0x302cfa</value>
         <object_component_ref idref="oc-21d"/>
      </symbol>
      <symbol id="sm-df0">
         <name>LL$$AND</name>
         <value>0x302fd0</value>
         <object_component_ref idref="oc-222"/>
      </symbol>
      <symbol id="sm-df1">
         <name>LL$$OR</name>
         <value>0x302fd8</value>
         <object_component_ref idref="oc-222"/>
      </symbol>
      <symbol id="sm-df2">
         <name>LL$$XOR</name>
         <value>0x302fe0</value>
         <object_component_ref idref="oc-222"/>
      </symbol>
      <symbol id="sm-e00">
         <name>ULL$$CMP</name>
         <value>0x302d67</value>
         <object_component_ref idref="oc-227"/>
      </symbol>
      <symbol id="sm-e01">
         <name>LL$$CMP</name>
         <value>0x302d55</value>
         <object_component_ref idref="oc-227"/>
      </symbol>
      <symbol id="sm-e11">
         <name>I$$TOFD</name>
         <value>0x302dae</value>
         <object_component_ref idref="oc-22c"/>
      </symbol>
      <symbol id="sm-e21">
         <name>L$$TOFD</name>
         <value>0x302e1f</value>
         <object_component_ref idref="oc-231"/>
      </symbol>
      <symbol id="sm-e31">
         <name>FS$$TOFD</name>
         <value>0x302e03</value>
         <object_component_ref idref="oc-236"/>
      </symbol>
      <symbol id="sm-e3b">
         <name>_errno</name>
         <value>0x8d03</value>
         <object_component_ref idref="oc-23d"/>
      </symbol>
   </symbol_table>
   <title>Link successful</title>
</link_info>
